Component: ARM Compiler 5.06 update 7 (build 960) Tool: armlink [4d3601]

==============================================================================

Section Cross References

    main.o(i.GetArrNum) refers to main.o(.data) for arrNum
    main.o(i.InitHardware) refers to system_stm32f10x.o(i.SystemInit) for SystemInit
    main.o(i.InitHardware) refers to rcc.o(i.InitRCC) for InitRCC
    main.o(i.InitHardware) refers to nvic.o(i.InitNVIC) for InitNVIC
    main.o(i.InitHardware) refers to uart1.o(i.InitUART1) for InitUART1
    main.o(i.InitHardware) refers to timer.o(i.InitTimer) for InitTimer
    main.o(i.InitHardware) refers to led.o(i.InitLED) for InitLED
    main.o(i.InitHardware) refers to systick.o(i.InitSysTick) for InitSysTick
    main.o(i.InitHardware) refers to keyone.o(i.InitKeyOne) for InitKeyOne
    main.o(i.InitHardware) refers to prockeyone.o(i.InitProcKeyOne) for InitProcKeyOne
    main.o(i.InitHardware) refers to adc.o(i.InitADC) for InitADC
    main.o(i.InitHardware) refers to temp.o(i.InitTemp) for InitTemp
    main.o(i.InitSoftware) refers to packunpack.o(i.InitPackUnpack) for InitPackUnpack
    main.o(i.InitSoftware) refers to prochostcmd.o(i.InitProcHostCmd) for InitProcHostCmd
    main.o(i.InitSoftware) refers to senddatatohost.o(i.InitSendDataToHost) for InitSendDataToHost
    main.o(i.InitSoftware) refers to main.o(i.InitVariable) for InitVariable
    main.o(i.InitValue) refers to main.o(.data) for PA_Val
    main.o(i.InitValue) refers to main.o(.bss) for arrTempVariate
    main.o(i.InitVariable) refers to main.o(i.InitValue) for InitValue
    main.o(i.InitVariable) refers to main.o(.data) for keyNumber
    main.o(i.Proc1SecTask) refers to timer.o(i.Get1SecFlag) for Get1SecFlag
    main.o(i.Proc1SecTask) refers to adc.o(i.GetADC1Data) for GetADC1Data
    main.o(i.Proc1SecTask) refers to cdrcmple.o(.text) for __aeabi_cdrcmple
    main.o(i.Proc1SecTask) refers to stm32f10x_gpio.o(i.GPIO_ReadInputDataBit) for GPIO_ReadInputDataBit
    main.o(i.Proc1SecTask) refers to prockeyone.o(i.BoolKeyModel) for BoolKeyModel
    main.o(i.Proc1SecTask) refers to temp.o(i.ChangeTempDataPacket) for ChangeTempDataPacket
    main.o(i.Proc1SecTask) refers to senddatatohost.o(i.SendTempToHost) for SendTempToHost
    main.o(i.Proc1SecTask) refers to main.o(i.InitValue) for InitValue
    main.o(i.Proc1SecTask) refers to timer.o(i.Clr1SecFlag) for Clr1SecFlag
    main.o(i.Proc1SecTask) refers to main.o(.data) for ReadTOffValue
    main.o(i.Proc2msTask) refers to timer.o(i.Get2msFlag) for Get2msFlag
    main.o(i.Proc2msTask) refers to keyone.o(i.ScanKeyOne) for ScanKeyOne
    main.o(i.Proc2msTask) refers to timer.o(i.Clr2msFlag) for Clr2msFlag
    main.o(i.Proc2msTask) refers to main.o(.data) for s_iCnt
    main.o(i.Proc2msTask) refers to prockeyone.o(i.ProcKeyDownKey1) for ProcKeyDownKey1
    main.o(i.Proc2msTask) refers to prockeyone.o(i.ProcKeyUpKey1) for ProcKeyUpKey1
    main.o(i.Proc2msTask) refers to prockeyone.o(i.ProcKeyDownKey2) for ProcKeyDownKey2
    main.o(i.Proc2msTask) refers to prockeyone.o(i.ProcKeyUpKey2) for ProcKeyUpKey2
    main.o(i.Proc2msTask) refers to prockeyone.o(i.ProcKeyDownKey3) for ProcKeyDownKey3
    main.o(i.Proc2msTask) refers to prockeyone.o(i.ProcKeyUpKey3) for ProcKeyUpKey3
    main.o(i.Proc60msAfter20msTask) refers to timer.o(i.Get60msAfter20msFlag) for Get60msAfter20msFlag
    main.o(i.Proc60msAfter20msTask) refers to adc.o(i.GetADC1Data) for GetADC1Data
    main.o(i.Proc60msAfter20msTask) refers to cdrcmple.o(.text) for __aeabi_cdrcmple
    main.o(i.Proc60msAfter20msTask) refers to temp.o(i.ReckonToC1AndC2) for ReckonToC1AndC2
    main.o(i.Proc60msAfter20msTask) refers to prockeyone.o(i.BoolKeyModel) for BoolKeyModel
    main.o(i.Proc60msAfter20msTask) refers to stm32f10x_gpio.o(i.GPIO_ReadInputDataBit) for GPIO_ReadInputDataBit
    main.o(i.Proc60msAfter20msTask) refers to temp.o(i.TempWriteBit) for TempWriteBit
    main.o(i.Proc60msAfter20msTask) refers to temp.o(i.RextReckon) for RextReckon
    main.o(i.Proc60msAfter20msTask) refers to temprext.o(i.RextTurnToTemp) for RextTurnToTemp
    main.o(i.Proc60msAfter20msTask) refers to timer.o(i.Clr60msAfter20msFlag) for Clr60msAfter20msFlag
    main.o(i.Proc60msAfter20msTask) refers to main.o(.data) for keyNumber
    main.o(i.Proc60msAfter20msTask) refers to main.o(.bss) for arrTempVariate
    main.o(i.Proc60msTask) refers to timer.o(i.Get60msFlag) for Get60msFlag
    main.o(i.Proc60msTask) refers to temp.o(i.TempWriteBit) for TempWriteBit
    main.o(i.Proc60msTask) refers to prockeyone.o(i.BoolKeyRenew) for BoolKeyRenew
    main.o(i.Proc60msTask) refers to prockeyone.o(i.BoolKeyNum) for BoolKeyNum
    main.o(i.Proc60msTask) refers to timer.o(i.Clr60msFlag) for Clr60msFlag
    main.o(i.Proc60msTask) refers to main.o(.data) for keyNumber
    main.o(i.main) refers to main.o(i.InitHardware) for InitHardware
    main.o(i.main) refers to main.o(i.InitSoftware) for InitSoftware
[...]
    Removing stm32f10x_tim.o(i.TIM_SelectMasterSlaveMode), (18 bytes).
    Removing stm32f10x_tim.o(i.TIM_SelectOCxM), (82 bytes).
    Removing stm32f10x_tim.o(i.TIM_SelectOnePulseMode), (18 bytes).
    Removing stm32f10x_tim.o(i.TIM_SelectSlaveMode), (18 bytes).
    Removing stm32f10x_tim.o(i.TIM_SetAutoreload), (4 bytes).
    Removing stm32f10x_tim.o(i.TIM_SetClockDivision), (18 bytes).
    Removing stm32f10x_tim.o(i.TIM_SetCompare1), (4 bytes).
    Removing stm32f10x_tim.o(i.TIM_SetCompare2), (4 bytes).
    Removing stm32f10x_tim.o(i.TIM_SetCompare3), (4 bytes).
    Removing stm32f10x_tim.o(i.TIM_SetCompare4), (6 bytes).
    Removing stm32f10x_tim.o(i.TIM_SetCounter), (4 bytes).
    Removing stm32f10x_tim.o(i.TIM_SetIC1Prescaler), (18 bytes).
    Removing stm32f10x_tim.o(i.TIM_SetIC2Prescaler), (26 bytes).
    Removing stm32f10x_tim.o(i.TIM_SetIC3Prescaler), (18 bytes).
    Removing stm32f10x_tim.o(i.TIM_SetIC4Prescaler), (26 bytes).
    Removing stm32f10x_tim.o(i.TIM_TIxExternalClockConfig), (62 bytes).
    Removing stm32f10x_tim.o(i.TIM_TimeBaseStructInit), (18 bytes).
    Removing stm32f10x_tim.o(i.TIM_UpdateDisableConfig), (24 bytes).
    Removing stm32f10x_tim.o(i.TIM_UpdateRequestConfig), (24 bytes).
    Removing stm32f10x_usart.o(i.USART_ClockInit), (34 bytes).
    Removing stm32f10x_usart.o(i.USART_ClockStructInit), (12 bytes).
    Removing stm32f10x_usart.o(i.USART_DMACmd), (18 bytes).
    Removing stm32f10x_usart.o(i.USART_DeInit), (156 bytes).
    Removing stm32f10x_usart.o(i.USART_HalfDuplexCmd), (24 bytes).
    Removing stm32f10x_usart.o(i.USART_IrDACmd), (24 bytes).
    Removing stm32f10x_usart.o(i.USART_IrDAConfig), (18 bytes).
    Removing stm32f10x_usart.o(i.USART_LINBreakDetectLengthConfig), (18 bytes).
    Removing stm32f10x_usart.o(i.USART_LINCmd), (24 bytes).
    Removing stm32f10x_usart.o(i.USART_OneBitMethodCmd), (24 bytes).
    Removing stm32f10x_usart.o(i.USART_OverSampling8Cmd), (22 bytes).
    Removing stm32f10x_usart.o(i.USART_ReceiverWakeUpCmd), (24 bytes).
    Removing stm32f10x_usart.o(i.USART_SendBreak), (10 bytes).
    Removing stm32f10x_usart.o(i.USART_SetAddress), (18 bytes).
    Removing stm32f10x_usart.o(i.USART_SetGuardTime), (16 bytes).
    Removing stm32f10x_usart.o(i.USART_SetPrescaler), (16 bytes).
    Removing stm32f10x_usart.o(i.USART_SmartCardCmd), (24 bytes).
    Removing stm32f10x_usart.o(i.USART_SmartCardNACKCmd), (24 bytes).
    Removing stm32f10x_usart.o(i.USART_WakeUpConfig), (18 bytes).
    Removing stm32f10x_adc.o(i.ADC_AnalogWatchdogCmd), (20 bytes).
    Removing stm32f10x_adc.o(i.ADC_AnalogWatchdogSingleChannelConfig), (16 bytes).
    Removing stm32f10x_adc.o(i.ADC_AnalogWatchdogThresholdsConfig), (6 bytes).
    Removing stm32f10x_adc.o(i.ADC_AutoInjectedConvCmd), (22 bytes).
    Removing stm32f10x_adc.o(i.ADC_ClearFlag), (6 bytes).
    Removing stm32f10x_adc.o(i.ADC_ClearITPendingBit), (10 bytes).
    Removing stm32f10x_adc.o(i.ADC_DeInit), (92 bytes).
    Removing stm32f10x_adc.o(i.ADC_DiscModeChannelCountConfig), (24 bytes).
    Removing stm32f10x_adc.o(i.ADC_DiscModeCmd), (22 bytes).
    Removing stm32f10x_adc.o(i.ADC_ExternalTrigInjectedConvCmd), (22 bytes).
    Removing stm32f10x_adc.o(i.ADC_ExternalTrigInjectedConvConfig), (16 bytes).
    Removing stm32f10x_adc.o(i.ADC_GetConversionValue), (8 bytes).
    Removing stm32f10x_adc.o(i.ADC_GetDualModeConversionValue), (12 bytes).
    Removing stm32f10x_adc.o(i.ADC_GetFlagStatus), (18 bytes).
    Removing stm32f10x_adc.o(i.ADC_GetITStatus), (36 bytes).
    Removing stm32f10x_adc.o(i.ADC_GetInjectedConversionValue), (28 bytes).
    Removing stm32f10x_adc.o(i.ADC_GetSoftwareStartConvStatus), (20 bytes).
    Removing stm32f10x_adc.o(i.ADC_GetSoftwareStartInjectedConvCmdStatus), (20 bytes).
    Removing stm32f10x_adc.o(i.ADC_ITConfig), (24 bytes).
    Removing stm32f10x_adc.o(i.ADC_InjectedChannelConfig), (130 bytes).
    Removing stm32f10x_adc.o(i.ADC_InjectedDiscModeCmd), (22 bytes).
    Removing stm32f10x_adc.o(i.ADC_InjectedSequencerLengthConfig), (24 bytes).
    Removing stm32f10x_adc.o(i.ADC_SetInjectedOffset), (20 bytes).
    Removing stm32f10x_adc.o(i.ADC_SoftwareStartConvCmd), (22 bytes).
    Removing stm32f10x_adc.o(i.ADC_SoftwareStartInjectedConvCmd), (22 bytes).
    Removing stm32f10x_adc.o(i.ADC_StructInit), (18 bytes).
    Removing stm32f10x_adc.o(i.ADC_TempSensorVrefintCmd), (36 bytes).
    Removing stm32f10x_dac.o(i.DAC_Cmd), (40 bytes).
    Removing stm32f10x_dac.o(i.DAC_DMACmd), (44 bytes).
    Removing stm32f10x_dac.o(i.DAC_DeInit), (22 bytes).
    Removing stm32f10x_dac.o(i.DAC_DualSoftwareTriggerCmd), (36 bytes).
    Removing stm32f10x_dac.o(i.DAC_GetDataOutputValue), (36 bytes).
    Removing stm32f10x_dac.o(i.DAC_Init), (52 bytes).
    Removing stm32f10x_dac.o(i.DAC_SetChannel1Data), (32 bytes).
    Removing stm32f10x_dac.o(i.DAC_SetChannel2Data), (32 bytes).
    Removing stm32f10x_dac.o(i.DAC_SetDualChannelData), (36 bytes).
    Removing stm32f10x_dac.o(i.DAC_SoftwareTriggerCmd), (44 bytes).
    Removing stm32f10x_dac.o(i.DAC_StructInit), (12 bytes).
    Removing stm32f10x_dac.o(i.DAC_WaveGenerationCmd), (40 bytes).
    Removing stm32f10x_dma.o(i.DMA_ClearFlag), (28 bytes).
    Removing stm32f10x_dma.o(i.DMA_GetCurrDataCounter), (8 bytes).
    Removing stm32f10x_dma.o(i.DMA_GetFlagStatus), (44 bytes).
    Removing stm32f10x_dma.o(i.DMA_SetCurrDataCounter), (4 bytes).
    Removing stm32f10x_dma.o(i.DMA_StructInit), (26 bytes).
    Removing systick.o(i.DelayNms), (24 bytes).
    Removing systick.o(i.DelayNus), (26 bytes).
    Removing core_cm3.o(.emb_text), (32 bytes).
    Removing system_stm32f10x.o(i.SystemCoreClockUpdate), (164 bytes).
    Removing startup_stm32f10x_hd.o(HEAP), (512 bytes).
    Removing dfixul.o(.text), (48 bytes).

239 unused section(s) (total 10134 bytes) removed from the image.

==============================================================================

Image Symbol Table

    Local Symbols

    Symbol Name                              Value     Ov Type        Size  Object(Section)

    ../clib/../cmprslib/zerorunl2.c          0x00000000   Number         0  __dczerorl2.o ABSOLUTE
    ../clib/microlib/division.c              0x00000000   Number         0  uldiv.o ABSOLUTE
    ../clib/microlib/division.c              0x00000000   Number         0  uidiv.o ABSOLUTE
    ../clib/microlib/init/entry.s            0x00000000   Number         0  entry5.o ABSOLUTE
    ../clib/microlib/init/entry.s            0x00000000   Number         0  entry12b.o ABSOLUTE
    ../clib/microlib/init/entry.s            0x00000000   Number         0  entry12a.o ABSOLUTE
    ../clib/microlib/init/entry.s            0x00000000   Number         0  entry11b.o ABSOLUTE
    ../clib/microlib/init/entry.s            0x00000000   Number         0  entry11a.o ABSOLUTE
    ../clib/microlib/init/entry.s            0x00000000   Number         0  entry10b.o ABSOLUTE
    ../clib/microlib/init/entry.s            0x00000000   Number         0  entry10a.o ABSOLUTE
    ../clib/microlib/init/entry.s            0x00000000   Number         0  entry9b.o ABSOLUTE
    ../clib/microlib/init/entry.s            0x00000000   Number         0  entry8b.o ABSOLUTE
    ../clib/microlib/init/entry.s            0x00000000   Number         0  entry8a.o ABSOLUTE
    ../clib/microlib/init/entry.s            0x00000000   Number         0  entry2.o ABSOLUTE
    ../clib/microlib/init/entry.s            0x00000000   Number         0  entry.o ABSOLUTE
    ../clib/microlib/init/entry.s            0x00000000   Number         0  entry7b.o ABSOLUTE
    ../clib/microlib/init/entry.s            0x00000000   Number         0  entry7a.o ABSOLUTE
    ../clib/microlib/init/entry.s            0x00000000   Number         0  entry9a.o ABSOLUTE
    ../clib/microlib/longlong.c              0x00000000   Number         0  llsshr.o ABSOLUTE
    ../clib/microlib/longlong.c              0x00000000   Number         0  llushr.o ABSOLUTE
    ../clib/microlib/longlong.c              0x00000000   Number         0  llshl.o ABSOLUTE
    ../clib/microlib/printf/printf.c         0x00000000   Number         0  printf3.o ABSOLUTE
    ../clib/microlib/printf/printf.c         0x00000000   Number         0  printf4.o ABSOLUTE
    ../clib/microlib/printf/printf.c         0x00000000   Number         0  printf5.o ABSOLUTE
    ../clib/microlib/printf/printf.c         0x00000000   Number         0  printf6.o ABSOLUTE
    ../clib/microlib/printf/printf.c         0x00000000   Number         0  printf7.o ABSOLUTE
    ../clib/microlib/printf/printf.c         0x00000000   Number         0  printf1.o ABSOLUTE
    ../clib/microlib/printf/printf.c         0x00000000   Number         0  printf0.o ABSOLUTE
    ../clib/microlib/printf/printf.c         0x00000000   Number         0  printfb.o ABSOLUTE
    ../clib/microlib/printf/printf.c         0x00000000   Number         0  printfa.o ABSOLUTE
    ../clib/microlib/printf/printf.c         0x00000000   Number         0  printf8.o ABSOLUTE
    ../clib/microlib/printf/printf.c         0x00000000   Number         0  printf2.o ABSOLUTE
    ../clib/microlib/stdio/streams.c         0x00000000   Number         0  stdout.o ABSOLUTE
    ../clib/microlib/stubs.s                 0x00000000   Number         0  iusefp.o ABSOLUTE
    ../fplib/microlib/fpadd.c                0x00000000   Number         0  dadd.o ABSOLUTE
    ../fplib/microlib/fpdiv.c                0x00000000   Number         0  ddiv.o ABSOLUTE
    ../fplib/microlib/fpepilogue.c           0x00000000   Number         0  depilogue.o ABSOLUTE
    ../fplib/microlib/fpfix.c                0x00000000   Number         0  dfixi.o ABSOLUTE
    ../fplib/microlib/fpfix.c                0x00000000   Number         0  dfixul.o ABSOLUTE
    ../fplib/microlib/fpflt.c                0x00000000   Number         0  dflti.o ABSOLUTE
    ../fplib/microlib/fpflt.c                0x00000000   Number         0  dfltui.o ABSOLUTE
    ../fplib/microlib/fpmul.c                0x00000000   Number         0  dmul.o ABSOLUTE
    ..\ARM\NVIC\NVIC.c                       0x00000000   Number         0  nvic.o ABSOLUTE
    ..\ARM\SysTick\SysTick.c                 0x00000000   Number         0  systick.o ABSOLUTE
    ..\ARM\System\core_cm3.c                 0x00000000   Number         0  core_cm3.o ABSOLUTE
    ..\ARM\System\startup_stm32f10x_hd.s     0x00000000   Number         0  startup_stm32f10x_hd.o ABSOLUTE
    ..\ARM\System\stm32f10x_it.c             0x00000000   Number         0  stm32f10x_it.o ABSOLUTE
    ..\ARM\System\system_stm32f10x.c         0x00000000   Number         0  system_stm32f10x.o ABSOLUTE
    ..\App\KeyOne\KeyOne.c                   0x00000000   Number         0  keyone.o ABSOLUTE
    ..\App\KeyOne\ProcKeyOne.c               0x00000000   Number         0  prockeyone.o ABSOLUTE
    ..\App\LED\LED.c                         0x00000000   Number         0  led.o ABSOLUTE
    ..\App\Main\Main.c                       0x00000000   Number         0  main.o ABSOLUTE
    ..\App\PackUnpack\PackUnpack.c           0x00000000   Number         0  packunpack.o ABSOLUTE
    ..\App\ProcHostCmd\ProcHostCmd.c         0x00000000   Number         0  prochostcmd.o ABSOLUTE
    ..\App\SendDataToHost\SendDataToHost.c   0x00000000   Number         0  senddatatohost.o ABSOLUTE
    ..\App\Temp\Temp.c                       0x00000000   Number         0  temp.o ABSOLUTE
    ..\App\Temp\TempRext.c                   0x00000000   Number         0  temprext.o ABSOLUTE
    ..\FW\src\misc.c                         0x00000000   Number         0  misc.o ABSOLUTE
    ..\FW\src\stm32f10x_adc.c                0x00000000   Number         0  stm32f10x_adc.o ABSOLUTE
    ..\FW\src\stm32f10x_dac.c                0x00000000   Number         0  stm32f10x_dac.o ABSOLUTE
    ..\FW\src\stm32f10x_dma.c                0x00000000   Number         0  stm32f10x_dma.o ABSOLUTE
    ..\FW\src\stm32f10x_flash.c              0x00000000   Number         0  stm32f10x_flash.o ABSOLUTE
    ..\FW\src\stm32f10x_gpio.c               0x00000000   Number         0  stm32f10x_gpio.o ABSOLUTE
    ..\FW\src\stm32f10x_rcc.c                0x00000000   Number         0  stm32f10x_rcc.o ABSOLUTE
    ..\FW\src\stm32f10x_tim.c                0x00000000   Number         0  stm32f10x_tim.o ABSOLUTE
    ..\FW\src\stm32f10x_usart.c              0x00000000   Number         0  stm32f10x_usart.o ABSOLUTE
    ..\HW\ADC\ADC.c                          0x00000000   Number         0  adc.o ABSOLUTE
    ..\HW\ADC\U16Queue.c                     0x00000000   Number         0  u16queue.o ABSOLUTE
    ..\HW\DAC\DAC.c                          0x00000000   Number         0  dac.o ABSOLUTE
    ..\HW\DAC\Wave.c                         0x00000000   Number         0  wave_1.o ABSOLUTE
    ..\HW\RCC\RCC.c                          0x00000000   Number         0  rcc.o ABSOLUTE
    ..\HW\Timer\Timer.c                      0x00000000   Number         0  timer.o ABSOLUTE
    ..\HW\UART1\Queue.c                      0x00000000   Number         0  queue.o ABSOLUTE
    ..\HW\UART1\UART1.c                      0x00000000   Number         0  uart1.o ABSOLUTE
    ..\\ARM\\System\\core_cm3.c              0x00000000   Number         0  core_cm3.o ABSOLUTE
    cdcmple.s                                0x00000000   Number         0  cdcmple.o ABSOLUTE
    cdrcmple.s                               0x00000000   Number         0  cdrcmple.o ABSOLUTE
    dc.s                                     0x00000000   Number         0  dc.o ABSOLUTE
    handlers.s                               0x00000000   Number         0  handlers.o ABSOLUTE
    init.s                                   0x00000000   Number         0  init.o ABSOLUTE
    RESET                                    0x08000000   Section      304  startup_stm32f10x_hd.o(RESET)
    .ARM.Collect$$$$00000000                 0x08000130   Section        0  entry.o(.ARM.Collect$$$$00000000)
    .ARM.Collect$$$$00000001                 0x08000130   Section        4  entry2.o(.ARM.Collect$$$$00000001)
    .ARM.Collect$$$$00000004                 0x08000134   Section        4  entry5.o(.ARM.Collect$$$$00000004)
    .ARM.Collect$$$$00000008                 0x08000138   Section        0  entry7b.o(.ARM.Collect$$$$00000008)
    .ARM.Collect$$$$0000000A                 0x08000138   Section        0  entry8b.o(.ARM.Collect$$$$0000000A)
    .ARM.Collect$$$$0000000B                 0x08000138   Section        8  entry9a.o(.ARM.Collect$$$$0000000B)
    .ARM.Collect$$$$0000000E                 0x08000140   Section        4  entry12b.o(.ARM.Collect$$$$0000000E)
    .ARM.Collect$$$$0000000F                 0x08000144   Section        0  entry10a.o(.ARM.Collect$$$$0000000F)
    .ARM.Collect$$$$00000011                 0x08000144   Section        0  entry11a.o(.ARM.Collect$$$$00000011)
    .ARM.Collect$$$$00002712                 0x08000144   Section        4  entry2.o(.ARM.Collect$$$$00002712)
    __lit__00000000                          0x08000144   Data           4  entry2.o(.ARM.Collect$$$$00002712)
    .text                                    0x08000148   Section       36  startup_stm32f10x_hd.o(.text)
    .text                                    0x0800016c   Section        0  dadd.o(.text)
    .text                                    0x080002ba   Section        0  dmul.o(.text)
    .text                                    0x0800039e   Section        0  ddiv.o(.text)
    .text                                    0x0800047c   Section        0  dflti.o(.text)
    .text                                    0x0800049e   Section        0  dfltui.o(.text)
    .text                                    0x080004b8   Section        0  dfixi.o(.text)
    .text                                    0x080004f8   Section       48  cdcmple.o(.text)
    .text                                    0x08000528   Section       48  cdrcmple.o(.text)
    .text                                    0x08000558   Section        0  llshl.o(.text)
    .text                                    0x08000576   Section        0  llushr.o(.text)
    .text                                    0x08000596   Section        0  llsshr.o(.text)
    .text                                    0x080005ba   Section        0  iusefp.o(.text)
    .text                                    0x080005ba   Section        0  depilogue.o(.text)
    .text                                    0x08000674   Section       36  init.o(.text)
    .text                                    0x08000698   Section        0  __dczerorl2.o(.text)
    i.ADC_Cmd                                0x080006ee   Section        0  stm32f10x_adc.o(i.ADC_Cmd)
    i.ADC_DMACmd                             0x08000704   Section        0  stm32f10x_adc.o(i.ADC_DMACmd)
    i.ADC_ExternalTrigConvCmd                0x0800071a   Section        0  stm32f10x_adc.o(i.ADC_ExternalTrigConvCmd)
    i.ADC_GetCalibrationStatus               0x08000730   Section        0  stm32f10x_adc.o(i.ADC_GetCalibrationStatus)
    i.ADC_GetResetCalibrationStatus          0x08000744   Section        0  stm32f10x_adc.o(i.ADC_GetResetCalibrationStatus)
    i.ADC_Init                               0x08000758   Section        0  stm32f10x_adc.o(i.ADC_Init)
    i.ADC_RegularChannelConfig               0x080007a8   Section        0  stm32f10x_adc.o(i.ADC_RegularChannelConfig)
    i.ADC_ResetCalibration                   0x08000860   Section        0  stm32f10x_adc.o(i.ADC_ResetCalibration)
    i.ADC_StartCalibration                   0x0800086a   Section        0  stm32f10x_adc.o(i.ADC_StartCalibration)
    i.BoolKeyModel                           0x08000874   Section        0  prockeyone.o(i.BoolKeyModel)
    i.BoolKeyNum                             0x08000880   Section        0  prockeyone.o(i.BoolKeyNum)
    i.BoolKeyRenew                           0x0800088c   Section        0  prockeyone.o(i.BoolKeyRenew)
    i.BusFault_Handler                       0x08000898   Section        0  stm32f10x_it.o(i.BusFault_Handler)
    i.ChangeTempDataPacket                   0x0800089c   Section        0  temp.o(i.ChangeTempDataPacket)
    i.Clr1SecFlag                            0x08000a98   Section        0  timer.o(i.Clr1SecFlag)
    i.Clr2msFlag                             0x08000aa4   Section        0  timer.o(i.Clr2msFlag)
    i.Clr60msAfter20msFlag                   0x08000ab0   Section        0  timer.o(i.Clr60msAfter20msFlag)
    i.Clr60msFlag                            0x08000abc   Section        0  timer.o(i.Clr60msFlag)
    i.ConfigADC1                             0x08000ac8   Section        0  adc.o(i.ConfigADC1)
    ConfigADC1                               0x08000ac9   Thumb Code   164  adc.o(i.ConfigADC1)
    i.ConfigDMA1Ch1                          0x08000b74   Section        0  adc.o(i.ConfigDMA1Ch1)
    ConfigDMA1Ch1                            0x08000b75   Thumb Code    82  adc.o(i.ConfigDMA1Ch1)
    i.ConfigDMA2Ch3ForDAC1                   0x08000bd4   Section        0  dac.o(i.ConfigDMA2Ch3ForDAC1)
    ConfigDMA2Ch3ForDAC1                     0x08000bd5   Thumb Code   120  dac.o(i.ConfigDMA2Ch3ForDAC1)
    i.ConfigKeyOneGPIO                       0x08000c54   Section        0  keyone.o(i.ConfigKeyOneGPIO)
    ConfigKeyOneGPIO                         0x08000c55   Thumb Code    84  keyone.o(i.ConfigKeyOneGPIO)
    i.ConfigLEDGPIO                          0x08000cb0   Section        0  led.o(i.ConfigLEDGPIO)
    ConfigLEDGPIO                            0x08000cb1   Thumb Code    88  led.o(i.ConfigLEDGPIO)
    i.ConfigNVIC                             0x08000d0c   Section        0  nvic.o(i.ConfigNVIC)
    ConfigNVIC                               0x08000d0d   Thumb Code    12  nvic.o(i.ConfigNVIC)
    i.ConfigRCC                              0x08000d18   Section        0  rcc.o(i.ConfigRCC)
    ConfigRCC                                0x08000d19   Thumb Code   100  rcc.o(i.ConfigRCC)
    i.ConfigTimer2                           0x08000d7c   Section        0  timer.o(i.ConfigTimer2)
    ConfigTimer2                             0x08000d7d   Thumb Code    92  timer.o(i.ConfigTimer2)
    i.ConfigTimer3                           0x08000dd8   Section        0  adc.o(i.ConfigTimer3)
    ConfigTimer3                             0x08000dd9   Thumb Code    68  adc.o(i.ConfigTimer3)
    i.ConfigTimer5                           0x08000e20   Section        0  timer.o(i.ConfigTimer5)
    ConfigTimer5                             0x08000e21   Thumb Code    90  timer.o(i.ConfigTimer5)
    i.ConfigUART                             0x08000e80   Section        0  uart1.o(i.ConfigUART)
    ConfigUART                               0x08000e81   Thumb Code   182  uart1.o(i.ConfigUART)
    i.DMA2_Channel3_IRQHandler               0x08000f44   Section        0  dac.o(i.DMA2_Channel3_IRQHandler)
    i.DMA_ClearITPendingBit                  0x08000f84   Section        0  stm32f10x_dma.o(i.DMA_ClearITPendingBit)
    i.DMA_Cmd                                0x08000fa0   Section        0  stm32f10x_dma.o(i.DMA_Cmd)
    i.DMA_DeInit                             0x08000fb8   Section        0  stm32f10x_dma.o(i.DMA_DeInit)
    i.DMA_GetITStatus                        0x08001104   Section        0  stm32f10x_dma.o(i.DMA_GetITStatus)
    i.DMA_ITConfig                           0x08001130   Section        0  stm32f10x_dma.o(i.DMA_ITConfig)
    i.DMA_Init                               0x08001142   Section        0  stm32f10x_dma.o(i.DMA_Init)
    i.DeQueue                                0x0800117e   Section        0  queue.o(i.DeQueue)
    i.DebugMon_Handler                       0x080011c2   Section        0  stm32f10x_it.o(i.DebugMon_Handler)
    i.EnQueue                                0x080011c4   Section        0  queue.o(i.EnQueue)
    i.EnableUARTTx                           0x0800120c   Section        0  uart1.o(i.EnableUARTTx)
    EnableUARTTx                             0x0800120d   Thumb Code    22  uart1.o(i.EnableUARTTx)
    i.FLASH_PrefetchBufferCmd                0x0800122c   Section        0  stm32f10x_flash.o(i.FLASH_PrefetchBufferCmd)
    i.FLASH_SetLatency                       0x08001248   Section        0  stm32f10x_flash.o(i.FLASH_SetLatency)
    i.GPIO_Init                              0x08001260   Section        0  stm32f10x_gpio.o(i.GPIO_Init)
    i.GPIO_PinRemapConfig                    0x08001378   Section        0  stm32f10x_gpio.o(i.GPIO_PinRemapConfig)
    i.GPIO_ReadInputDataBit                  0x08001408   Section        0  stm32f10x_gpio.o(i.GPIO_ReadInputDataBit)
    i.GPIO_ReadOutputDataBit                 0x0800141a   Section        0  stm32f10x_gpio.o(i.GPIO_ReadOutputDataBit)
    i.GPIO_ResetBits                         0x0800142c   Section        0  stm32f10x_gpio.o(i.GPIO_ResetBits)
    i.GPIO_WriteBit                          0x08001430   Section        0  stm32f10x_gpio.o(i.GPIO_WriteBit)
    i.Get1SecFlag                            0x0800143c   Section        0  timer.o(i.Get1SecFlag)
    i.Get2msFlag                             0x08001448   Section        0  timer.o(i.Get2msFlag)
    i.Get60msAfter20msFlag                   0x08001454   Section        0  timer.o(i.Get60msAfter20msFlag)
    i.Get60msFlag                            0x08001460   Section        0  timer.o(i.Get60msFlag)
    i.GetADC1Data                            0x0800146c   Section        0  adc.o(i.GetADC1Data)
    i.GetArrNum                              0x080014c0   Section        0  main.o(i.GetArrNum)
    i.HardFault_Handler                      0x080014cc   Section        0  stm32f10x_it.o(i.HardFault_Handler)
    i.InitADC                                0x080014d0   Section        0  adc.o(i.InitADC)
    i.InitHardware                           0x080014e8   Section        0  main.o(i.InitHardware)
    InitHardware                             0x080014e9   Thumb Code    52  main.o(i.InitHardware)
    i.InitKeyOne                             0x0800151c   Section        0  keyone.o(i.InitKeyOne)
    i.InitLED                                0x08001534   Section        0  led.o(i.InitLED)
    i.InitNVIC                               0x0800153c   Section        0  nvic.o(i.InitNVIC)
    i.InitPackUnpack                         0x08001544   Section        0  packunpack.o(i.InitPackUnpack)
    i.InitProcHostCmd                        0x08001588   Section        0  prochostcmd.o(i.InitProcHostCmd)
    i.InitProcKeyOne                         0x0800158c   Section        0  prockeyone.o(i.InitProcKeyOne)
    i.InitQueue                              0x080015ac   Section        0  queue.o(i.InitQueue)
    i.InitRCC                                0x080015d0   Section        0  rcc.o(i.InitRCC)
    i.InitSendDataToHost                     0x080015d8   Section        0  senddatatohost.o(i.InitSendDataToHost)
    i.InitSoftware                           0x080015da   Section        0  main.o(i.InitSoftware)
    InitSoftware                             0x080015db   Thumb Code    20  main.o(i.InitSoftware)
    i.InitSysTick                            0x080015f0   Section        0  systick.o(i.InitSysTick)
    i.InitTemp                               0x08001658   Section        0  temp.o(i.InitTemp)
    i.InitTimer                              0x08001734   Section        0  timer.o(i.InitTimer)
    i.InitUART1                              0x0800174c   Section        0  uart1.o(i.InitUART1)
    i.InitUARTBuf                            0x0800175c   Section        0  uart1.o(i.InitUARTBuf)
    InitUARTBuf                              0x0800175d   Thumb Code    46  uart1.o(i.InitUARTBuf)
    i.InitValue                              0x0800179c   Section        0  main.o(i.InitValue)
    i.InitVariable                           0x0800180c   Section        0  main.o(i.InitVariable)
    i.LEDFlicker                             0x08001850   Section        0  led.o(i.LEDFlicker)
    i.MemManage_Handler                      0x080018c4   Section        0  stm32f10x_it.o(i.MemManage_Handler)
    i.NMI_Handler                            0x080018c8   Section        0  stm32f10x_it.o(i.NMI_Handler)
    i.NVIC_ClearPendingIRQ                   0x080018cc   Section        0  uart1.o(i.NVIC_ClearPendingIRQ)
    NVIC_ClearPendingIRQ                     0x080018cd   Thumb Code    18  uart1.o(i.NVIC_ClearPendingIRQ)
    i.NVIC_Init                              0x080018e4   Section        0  misc.o(i.NVIC_Init)
    i.NVIC_PriorityGroupConfig               0x08001954   Section        0  misc.o(i.NVIC_PriorityGroupConfig)
    i.PackData                               0x08001968   Section        0  packunpack.o(i.PackData)
    i.PackWithCheckSum                       0x08001980   Section        0  packunpack.o(i.PackWithCheckSum)
    PackWithCheckSum                         0x08001981   Thumb Code    62  packunpack.o(i.PackWithCheckSum)
    i.PendSV_Handler                         0x080019be   Section        0  stm32f10x_it.o(i.PendSV_Handler)
    i.Proc1SecTask                           0x080019c0   Section        0  main.o(i.Proc1SecTask)
    Proc1SecTask                             0x080019c1   Thumb Code   174  main.o(i.Proc1SecTask)
    i.Proc2msTask                            0x08001a8c   Section        0  main.o(i.Proc2msTask)
    Proc2msTask                              0x08001a8d   Thumb Code    70  main.o(i.Proc2msTask)
    i.Proc60msAfter20msTask                  0x08001af0   Section        0  main.o(i.Proc60msAfter20msTask)
    Proc60msAfter20msTask                    0x08001af1   Thumb Code   386  main.o(i.Proc60msAfter20msTask)
    i.Proc60msTask                           0x08001ca8   Section        0  main.o(i.Proc60msTask)
    Proc60msTask                             0x08001ca9   Thumb Code    90  main.o(i.Proc60msTask)
    i.ProcKeyDownKey1                        0x08001d0c   Section        0  prockeyone.o(i.ProcKeyDownKey1)
    i.ProcKeyDownKey2                        0x08001d8c   Section        0  prockeyone.o(i.ProcKeyDownKey2)
    i.ProcKeyDownKey3                        0x08001d8e   Section        0  prockeyone.o(i.ProcKeyDownKey3)
    i.ProcKeyUpKey1                          0x08001d90   Section        0  prockeyone.o(i.ProcKeyUpKey1)
    i.ProcKeyUpKey2                          0x08001d92   Section        0  prockeyone.o(i.ProcKeyUpKey2)
    i.ProcKeyUpKey3                          0x08001d94   Section        0  prockeyone.o(i.ProcKeyUpKey3)
    i.QueueEmpty                             0x08001d96   Section        0  queue.o(i.QueueEmpty)
    i.RCC_ADCCLKConfig                       0x08001da4   Section        0  stm32f10x_rcc.o(i.RCC_ADCCLKConfig)
    i.RCC_AHBPeriphClockCmd                  0x08001dbc   Section        0  stm32f10x_rcc.o(i.RCC_AHBPeriphClockCmd)
    i.RCC_APB1PeriphClockCmd                 0x08001ddc   Section        0  stm32f10x_rcc.o(i.RCC_APB1PeriphClockCmd)
    i.RCC_APB2PeriphClockCmd                 0x08001dfc   Section        0  stm32f10x_rcc.o(i.RCC_APB2PeriphClockCmd)
    i.RCC_DeInit                             0x08001e1c   Section        0  stm32f10x_rcc.o(i.RCC_DeInit)
    i.RCC_GetClocksFreq                      0x08001e68   Section        0  stm32f10x_rcc.o(i.RCC_GetClocksFreq)
    i.RCC_GetFlagStatus                      0x08001f3c   Section        0  stm32f10x_rcc.o(i.RCC_GetFlagStatus)
    i.RCC_GetSYSCLKSource                    0x08001f78   Section        0  stm32f10x_rcc.o(i.RCC_GetSYSCLKSource)
    i.RCC_HCLKConfig                         0x08001f88   Section        0  stm32f10x_rcc.o(i.RCC_HCLKConfig)
    i.RCC_HSEConfig                          0x08001fa0   Section        0  stm32f10x_rcc.o(i.RCC_HSEConfig)
    i.RCC_PCLK1Config                        0x08001fec   Section        0  stm32f10x_rcc.o(i.RCC_PCLK1Config)
    i.RCC_PCLK2Config                        0x08002004   Section        0  stm32f10x_rcc.o(i.RCC_PCLK2Config)
    i.RCC_PLLCmd                             0x0800201c   Section        0  stm32f10x_rcc.o(i.RCC_PLLCmd)
    i.RCC_PLLConfig                          0x08002028   Section        0  stm32f10x_rcc.o(i.RCC_PLLConfig)
    i.RCC_SYSCLKConfig                       0x08002044   Section        0  stm32f10x_rcc.o(i.RCC_SYSCLKConfig)
    i.RCC_WaitForHSEStartUp                  0x0800205c   Section        0  stm32f10x_rcc.o(i.RCC_WaitForHSEStartUp)
    i.ReadSendBuf                            0x08002094   Section        0  uart1.o(i.ReadSendBuf)
    ReadSendBuf                              0x08002095   Thumb Code    22  uart1.o(i.ReadSendBuf)
    i.ReckonToC1AndC2                        0x080020b0   Section        0  temp.o(i.ReckonToC1AndC2)
    i.RextReckon                             0x08002174   Section        0  temp.o(i.RextReckon)
    i.RextTurnToTemp                         0x080021b4   Section        0  temprext.o(i.RextTurnToTemp)
    i.SVC_Handler                            0x080022e4   Section        0  stm32f10x_it.o(i.SVC_Handler)
    i.ScanKeyOne                             0x080022e8   Section        0  keyone.o(i.ScanKeyOne)
    i.SendCharUsedByFputc                    0x080023a0   Section        0  uart1.o(i.SendCharUsedByFputc)
    SendCharUsedByFputc                      0x080023a1   Thumb Code    28  uart1.o(i.SendCharUsedByFputc)
    i.SendPackToHost                         0x080023c0   Section        0  senddatatohost.o(i.SendPackToHost)
    SendPackToHost                           0x080023c1   Thumb Code    28  senddatatohost.o(i.SendPackToHost)
    i.SendTempToHost                         0x080023dc   Section        0  senddatatohost.o(i.SendTempToHost)
    i.SetSysClock                            0x08002418   Section        0  system_stm32f10x.o(i.SetSysClock)
    SetSysClock                              0x08002419   Thumb Code     8  system_stm32f10x.o(i.SetSysClock)
    i.SetSysClockTo72                        0x08002420   Section        0  system_stm32f10x.o(i.SetSysClockTo72)
    SetSysClockTo72                          0x08002421   Thumb Code   214  system_stm32f10x.o(i.SetSysClockTo72)
    i.SysTick_Handler                        0x08002500   Section        0  systick.o(i.SysTick_Handler)
    i.SystemInit                             0x08002508   Section        0  system_stm32f10x.o(i.SystemInit)
    i.TIM2_IRQHandler                        0x08002568   Section        0  timer.o(i.TIM2_IRQHandler)
    i.TIM3_IRQHandler                        0x080025a4   Section        0  adc.o(i.TIM3_IRQHandler)
    i.TIM5_IRQHandler                        0x080025c0   Section        0  timer.o(i.TIM5_IRQHandler)
    i.TIM_ClearITPendingBit                  0x08002668   Section        0  stm32f10x_tim.o(i.TIM_ClearITPendingBit)
    i.TIM_Cmd                                0x0800266e   Section        0  stm32f10x_tim.o(i.TIM_Cmd)
    i.TIM_GetITStatus                        0x08002686   Section        0  stm32f10x_tim.o(i.TIM_GetITStatus)
    i.TIM_ITConfig                           0x080026a8   Section        0  stm32f10x_tim.o(i.TIM_ITConfig)
    i.TIM_SelectOutputTrigger                0x080026ba   Section        0  stm32f10x_tim.o(i.TIM_SelectOutputTrigger)
    i.TIM_TimeBaseInit                       0x080026cc   Section        0  stm32f10x_tim.o(i.TIM_TimeBaseInit)
    i.TempWriteBit                           0x08002770   Section        0  temp.o(i.TempWriteBit)
    i.TimDelayDec                            0x08002838   Section        0  systick.o(i.TimDelayDec)
    TimDelayDec                              0x08002839   Thumb Code    18  systick.o(i.TimDelayDec)
    i.USART1_IRQHandler                      0x08002850   Section        0  uart1.o(i.USART1_IRQHandler)
    i.USART_ClearFlag                        0x080028e8   Section        0  stm32f10x_usart.o(i.USART_ClearFlag)
    i.USART_ClearITPendingBit                0x080028fa   Section        0  stm32f10x_usart.o(i.USART_ClearITPendingBit)
    i.USART_Cmd                              0x08002918   Section        0  stm32f10x_usart.o(i.USART_Cmd)
    i.USART_GetFlagStatus                    0x08002930   Section        0  stm32f10x_usart.o(i.USART_GetFlagStatus)
    i.USART_GetITStatus                      0x0800294a   Section        0  stm32f10x_usart.o(i.USART_GetITStatus)
    i.USART_ITConfig                         0x0800299e   Section        0  stm32f10x_usart.o(i.USART_ITConfig)
    i.USART_Init                             0x080029e8   Section        0  stm32f10x_usart.o(i.USART_Init)
    i.USART_ReceiveData                      0x08002ac0   Section        0  stm32f10x_usart.o(i.USART_ReceiveData)
    i.USART_SendData                         0x08002aca   Section        0  stm32f10x_usart.o(i.USART_SendData)
    i.USART_StructInit                       0x08002ad2   Section        0  stm32f10x_usart.o(i.USART_StructInit)
    i.UsageFault_Handler                     0x08002aea   Section        0  stm32f10x_it.o(i.UsageFault_Handler)
    i.WriteReceiveBuf                        0x08002af0   Section        0  uart1.o(i.WriteReceiveBuf)
    WriteReceiveBuf                          0x08002af1   Thumb Code    20  uart1.o(i.WriteReceiveBuf)
    i.WriteUART1                             0x08002b08   Section        0  uart1.o(i.WriteUART1)
    i.__0printf$bare                         0x08002b38   Section        0  printfb.o(i.__0printf$bare)
    i.__scatterload_copy                     0x08002b48   Section       14  handlers.o(i.__scatterload_copy)
    i.__scatterload_null                     0x08002b56   Section        2  handlers.o(i.__scatterload_null)
    i.__scatterload_zeroinit                 0x08002b58   Section       14  handlers.o(i.__scatterload_zeroinit)
    i._printf_core                           0x08002b66   Section        0  printfb.o(i._printf_core)
    _printf_core                             0x08002b67   Thumb Code    34  printfb.o(i._printf_core)
    i.fputc                                  0x08002b88   Section        0  uart1.o(i.fputc)
    i.main                                   0x08002b98   Section        0  main.o(i.main)
    .data                                    0x20000000   Section       72  main.o(.data)
    reckonBegin                              0x20000000   Data           1  main.o(.data)
    keyBegin                                 0x20000001   Data           1  main.o(.data)
    RestoreJudge                             0x20000002   Data           1  main.o(.data)
    ReadTOffValue                            0x20000003   Data           1  main.o(.data)
    PA_Val                                   0x20000008   Data           8  main.o(.data)
    PB_Val                                   0x20000010   Data           8  main.o(.data)
    C1                                       0x20000018   Data           8  main.o(.data)
    C2                                       0x20000020   Data           8  main.o(.data)
    RextVariate                              0x20000028   Data           8  main.o(.data)
    arrNum                                   0x20000030   Data           1  main.o(.data)
    s_iCnt                                   0x2000003a   Data           1  main.o(.data)
    SENS_Val                                 0x20000040   Data           8  main.o(.data)
    .data                                    0x20000048   Section        3  packunpack.o(.data)
    s_iPackLen                               0x20000048   Data           1  packunpack.o(.data)
    s_iGotPackId                             0x20000049   Data           1  packunpack.o(.data)
    s_iRestByteNum                           0x2000004a   Data           1  packunpack.o(.data)
    .data                                    0x2000004b   Section        9  keyone.o(.data)
    s_arrKeyDownLevel                        0x2000004b   Data           3  keyone.o(.data)
    s_arrKeyVal                              0x2000004e   Data           3  keyone.o(.data)
    s_arrKeyFlag                             0x20000051   Data           3  keyone.o(.data)
    .data                                    0x20000054   Section        3  prockeyone.o(.data)
    KeyNum                                   0x20000054   Data           1  prockeyone.o(.data)
    KeyRenew                                 0x20000055   Data           1  prockeyone.o(.data)
    KeyModel                                 0x20000056   Data           1  prockeyone.o(.data)
    .data                                    0x20000058   Section     4016  temprext.o(.data)
    arrRext                                  0x20000058   Data        4016  temprext.o(.data)
    .data                                    0x20001008   Section       10  timer.o(.data)
    s_i2msFlag                               0x20001008   Data           1  timer.o(.data)
    s_i60msAfter20msFlag                     0x20001009   Data           1  timer.o(.data)
    s_i60msFlag                              0x2000100a   Data           1  timer.o(.data)
    s_i1secFlag                              0x2000100b   Data           1  timer.o(.data)
    s_iCnt2                                  0x2000100c   Data           2  timer.o(.data)
    s_iCnt1000                               0x2000100e   Data           2  timer.o(.data)
    s_i60msAfter20ms                         0x20001010   Data           2  timer.o(.data)
    .data                                    0x20001012   Section        1  uart1.o(.data)
    s_iUARTTxSts                             0x20001012   Data           1  uart1.o(.data)
    .data                                    0x20001014   Section        8  dac.o(.data)
    s_strDAC1WaveBuf                         0x20001014   Data           8  dac.o(.data)
    .data                                    0x2000101c   Section        2  adc.o(.data)
    s_arrADC1Data                            0x2000101c   Data           2  adc.o(.data)
    .data                                    0x2000101e   Section       20  stm32f10x_rcc.o(.data)
    APBAHBPrescTable                         0x2000101e   Data          16  stm32f10x_rcc.o(.data)
    ADCPrescTable                            0x2000102e   Data           4  stm32f10x_rcc.o(.data)
    .data                                    0x20001034   Section        4  systick.o(.data)
    s_iTimDelayCnt                           0x20001034   Data           4  systick.o(.data)
    .data                                    0x20001038   Section       20  system_stm32f10x.o(.data)
    .data                                    0x2000104c   Section        4  stdout.o(.data)
    .bss                                     0x20001050   Section       80  main.o(.bss)
    .bss                                     0x200010a0   Section       10  packunpack.o(.bss)
    s_ptPack                                 0x200010a0   Data          10  packunpack.o(.bss)
    .bss                                     0x200010ac   Section      224  uart1.o(.bss)
    s_structUARTSendCirQue                   0x200010ac   Data          12  uart1.o(.bss)
    s_structUARTRecCirQue                    0x200010b8   Data          12  uart1.o(.bss)
    s_arrSendBuf                             0x200010c4   Data         100  uart1.o(.bss)
    s_arrRecBuf                              0x20001128   Data         100  uart1.o(.bss)
    STACK                                    0x20001190   Section     1024  startup_stm32f10x_hd.o(STACK)

    Global Symbols

    Symbol Name                              Value     Ov Type        Size  Object(Section)

    BuildAttributes$$THM_ISAv4$P$D$K$B$S$PE$A:L22UL41UL21$X:L11$S22US41US21$IEEE1$IW$USESV6$~STKCKD$USESV7$~SHL$OSPACE$ROPI$EBA8$MICROLIB$REQ8$PRES8$EABIv2 0x00000000   Number         0  anon$$obj.o ABSOLUTE
    __ARM_use_no_argv                        0x00000000   Number         0  main.o ABSOLUTE
    __arm_fini_                               - Undefined Weak Reference
    __cpp_initialize__aeabi_                  - Undefined Weak Reference
    __cxa_finalize                            - Undefined Weak Reference
    _clock_init                               - Undefined Weak Reference
    _microlib_exit                            - Undefined Weak Reference
    __Vectors_Size                           0x00000130   Number         0  startup_stm32f10x_hd.o ABSOLUTE
    __Vectors                                0x08000000   Data           4  startup_stm32f10x_hd.o(RESET)
    __Vectors_End                            0x08000130   Data           0  startup_stm32f10x_hd.o(RESET)
    __main                                   0x08000131   Thumb Code     0  entry.o(.ARM.Collect$$$$00000000)
    _main_stk                                0x08000131   Thumb Code     0  entry2.o(.ARM.Collect$$$$00000001)
    _main_scatterload                        0x08000135   Thumb Code     0  entry5.o(.ARM.Collect$$$$00000004)
    __main_after_scatterload                 0x08000139   Thumb Code     0  entry5.o(.ARM.Collect$$$$00000004)
    _main_clock                              0x08000139   Thumb Code     0  entry7b.o(.ARM.Collect$$$$00000008)
    _main_cpp_init                           0x08000139   Thumb Code     0  entry8b.o(.ARM.Collect$$$$0000000A)
    _main_init                               0x08000139   Thumb Code     0  entry9a.o(.ARM.Collect$$$$0000000B)
    __rt_lib_shutdown_fini                   0x08000141   Thumb Code     0  entry12b.o(.ARM.Collect$$$$0000000E)
    __rt_final_cpp                           0x08000145   Thumb Code     0  entry10a.o(.ARM.Collect$$$$0000000F)
    __rt_final_exit                          0x08000145   Thumb Code     0  entry11a.o(.ARM.Collect$$$$00000011)
    Reset_Handler                            0x08000149   Thumb Code     8  startup_stm32f10x_hd.o(.text)
    ADC1_2_IRQHandler                        0x08000163   Thumb Code     0  startup_stm32f10x_hd.o(.text)
    ADC3_IRQHandler                          0x08000163   Thumb Code     0  startup_stm32f10x_hd.o(.text)
    CAN1_RX1_IRQHandler                      0x08000163   Thumb Code     0  startup_stm32f10x_hd.o(.text)
    CAN1_SCE_IRQHandler                      0x08000163   Thumb Code     0  startup_stm32f10x_hd.o(.text)
    DMA1_Channel1_IRQHandler                 0x08000163   Thumb Code     0  startup_stm32f10x_hd.o(.text)
    DMA1_Channel2_IRQHandler                 0x08000163   Thumb Code     0  startup_stm32f10x_hd.o(.text)
    DMA1_Channel3_IRQHandler                 0x08000163   Thumb Code     0  startup_stm32f10x_hd.o(.text)
    DMA1_Channel4_IRQHandler                 0x08000163   Thumb Code     0  startup_stm32f10x_hd.o(.text)
    DMA1_Channel5_IRQHandler                 0x08000163   Thumb Code     0  startup_stm32f10x_hd.o(.text)
    DMA1_Channel6_IRQHandler                 0x08000163   Thumb Code     0  startup_stm32f10x_hd.o(.text)
    DMA1_Channel7_IRQHandler                 0x08000163   Thumb Code     0  startup_stm32f10x_hd.o(.text)
    DMA2_Channel1_IRQHandler                 0x08000163   Thumb Code     0  startup_stm32f10x_hd.o(.text)
    DMA2_Channel2_IRQHandler                 0x08000163   Thumb Code     0  startup_stm32f10x_hd.o(.text)
    DMA2_Channel4_5_IRQHandler               0x08000163   Thumb Code     0  startup_stm32f10x_hd.o(.text)
    EXTI0_IRQHandler                         0x08000163   Thumb Code     0  startup_stm32f10x_hd.o(.text)
    EXTI15_10_IRQHandler                     0x08000163   Thumb Code     0  startup_stm32f10x_hd.o(.text)
    EXTI1_IRQHandler                         0x08000163   Thumb Code     0  startup_stm32f10x_hd.o(.text)
    EXTI2_IRQHandler                         0x08000163   Thumb Code     0  startup_stm32f10x_hd.o(.text)
    EXTI3_IRQHandler                         0x08000163   Thumb Code     0  startup_stm32f10x_hd.o(.text)
    EXTI4_IRQHandler                         0x08000163   Thumb Code     0  startup_stm32f10x_hd.o(.text)
    EXTI9_5_IRQHandler                       0x08000163   Thumb Code     0  startup_stm32f10x_hd.o(.text)
    FLASH_IRQHandler                         0x08000163   Thumb Code     0  startup_stm32f10x_hd.o(.text)
    FSMC_IRQHandler                          0x08000163   Thumb Code     0  startup_stm32f10x_hd.o(.text)
    I2C1_ER_IRQHandler                       0x08000163   Thumb Code     0  startup_stm32f10x_hd.o(.text)
    I2C1_EV_IRQHandler                       0x08000163   Thumb Code     0  startup_stm32f10x_hd.o(.text)
    I2C2_ER_IRQHandler                       0x08000163   Thumb Code     0  startup_stm32f10x_hd.o(.text)
    I2C2_EV_IRQHandler                       0x08000163   Thumb Code     0  startup_stm32f10x_hd.o(.text)
    PVD_IRQHandler                           0x08000163   Thumb Code     0  startup_stm32f10x_hd.o(.text)
    RCC_IRQHandler                           0x08000163   Thumb Code     0  startup_stm32f10x_hd.o(.text)
    RTCAlarm_IRQHandler                      0x08000163   Thumb Code     0  startup_stm32f10x_hd.o(.text)
    RTC_IRQHandler                           0x08000163   Thumb Code     0  startup_stm32f10x_hd.o(.text)
    SDIO_IRQHandler                          0x08000163   Thumb Code     0  startup_stm32f10x_hd.o(.text)
    SPI1_IRQHandler                          0x08000163   Thumb Code     0  startup_stm32f10x_hd.o(.text)
    SPI2_IRQHandler                          0x08000163   Thumb Code     0  startup_stm32f10x_hd.o(.text)
    SPI3_IRQHandler                          0x08000163   Thumb Code     0  startup_stm32f10x_hd.o(.text)
    TAMPER_IRQHandler                        0x08000163   Thumb Code     0  startup_stm32f10x_hd.o(.text)
    TIM1_BRK_IRQHandler                      0x08000163   Thumb Code     0  startup_stm32f10x_hd.o(.text)
    TIM1_CC_IRQHandler                       0x08000163   Thumb Code     0  startup_stm32f10x_hd.o(.text)
    TIM1_TRG_COM_IRQHandler                  0x08000163   Thumb Code     0  startup_stm32f10x_hd.o(.text)
    TIM1_UP_IRQHandler                       0x08000163   Thumb Code     0  startup_stm32f10x_hd.o(.text)
    TIM4_IRQHandler                          0x08000163   Thumb Code     0  startup_stm32f10x_hd.o(.text)
    TIM6_IRQHandler                          0x08000163   Thumb Code     0  startup_stm32f10x_hd.o(.text)
    TIM7_IRQHandler                          0x08000163   Thumb Code     0  startup_stm32f10x_hd.o(.text)
    TIM8_BRK_IRQHandler                      0x08000163   Thumb Code     0  startup_stm32f10x_hd.o(.text)
    TIM8_CC_IRQHandler                       0x08000163   Thumb Code     0  startup_stm32f10x_hd.o(.text)
    TIM8_TRG_COM_IRQHandler                  0x08000163   Thumb Code     0  startup_stm32f10x_hd.o(.text)
    TIM8_UP_IRQHandler                       0x08000163   Thumb Code     0  startup_stm32f10x_hd.o(.text)
    UART4_IRQHandler                         0x08000163   Thumb Code     0  startup_stm32f10x_hd.o(.text)
    UART5_IRQHandler                         0x08000163   Thumb Code     0  startup_stm32f10x_hd.o(.text)
    USART2_IRQHandler                        0x08000163   Thumb Code     0  startup_stm32f10x_hd.o(.text)
    USART3_IRQHandler                        0x08000163   Thumb Code     0  startup_stm32f10x_hd.o(.text)
    USBWakeUp_IRQHandler                     0x08000163   Thumb Code     0  startup_stm32f10x_hd.o(.text)
    USB_HP_CAN1_TX_IRQHandler                0x08000163   Thumb Code     0  startup_stm32f10x_hd.o(.text)
    USB_LP_CAN1_RX0_IRQHandler               0x08000163   Thumb Code     0  startup_stm32f10x_hd.o(.text)
    WWDG_IRQHandler                          0x08000163   Thumb Code     0  startup_stm32f10x_hd.o(.text)
    __aeabi_dadd                             0x0800016d   Thumb Code   322  dadd.o(.text)
    __aeabi_dsub                             0x080002af   Thumb Code     6  dadd.o(.text)
    __aeabi_drsub                            0x080002b5   Thumb Code     6  dadd.o(.text)
    __aeabi_dmul                             0x080002bb   Thumb Code   228  dmul.o(.text)
    __aeabi_ddiv                             0x0800039f   Thumb Code   222  ddiv.o(.text)
    __aeabi_i2d                              0x0800047d   Thumb Code    34  dflti.o(.text)
    __aeabi_ui2d                             0x0800049f   Thumb Code    26  dfltui.o(.text)
    __aeabi_d2iz                             0x080004b9   Thumb Code    62  dfixi.o(.text)
    __aeabi_cdcmpeq                          0x080004f9   Thumb Code     0  cdcmple.o(.text)
    __aeabi_cdcmple                          0x080004f9   Thumb Code    48  cdcmple.o(.text)
    __aeabi_cdrcmple                         0x08000529   Thumb Code    48  cdrcmple.o(.text)
    __aeabi_llsl                             0x08000559   Thumb Code    30  llshl.o(.text)
    _ll_shift_l                              0x08000559   Thumb Code     0  llshl.o(.text)
    __aeabi_llsr                             0x08000577   Thumb Code    32  llushr.o(.text)
    _ll_ushift_r                             0x08000577   Thumb Code     0  llushr.o(.text)
    __aeabi_lasr                             0x08000597   Thumb Code    36  llsshr.o(.text)
    _ll_sshift_r                             0x08000597   Thumb Code     0  llsshr.o(.text)
    __I$use$fp                               0x080005bb   Thumb Code     0  iusefp.o(.text)
    _double_round                            0x080005bb   Thumb Code    30  depilogue.o(.text)
    _double_epilogue                         0x080005d9   Thumb Code   156  depilogue.o(.text)
    __scatterload                            0x08000675   Thumb Code    28  init.o(.text)
    __scatterload_rt2                        0x08000675   Thumb Code     0  init.o(.text)
    __decompress                             0x08000699   Thumb Code     0  __dczerorl2.o(.text)
    __decompress1                            0x08000699   Thumb Code    86  __dczerorl2.o(.text)
    ADC_Cmd                                  0x080006ef   Thumb Code    22  stm32f10x_adc.o(i.ADC_Cmd)
    ADC_DMACmd                               0x08000705   Thumb Code    22  stm32f10x_adc.o(i.ADC_DMACmd)
    ADC_ExternalTrigConvCmd                  0x0800071b   Thumb Code    22  stm32f10x_adc.o(i.ADC_ExternalTrigConvCmd)
    ADC_GetCalibrationStatus                 0x08000731   Thumb Code    20  stm32f10x_adc.o(i.ADC_GetCalibrationStatus)
    ADC_GetResetCalibrationStatus            0x08000745   Thumb Code    20  stm32f10x_adc.o(i.ADC_GetResetCalibrationStatus)
    ADC_Init                                 0x08000759   Thumb Code    70  stm32f10x_adc.o(i.ADC_Init)
    ADC_RegularChannelConfig                 0x080007a9   Thumb Code   184  stm32f10x_adc.o(i.ADC_RegularChannelConfig)
    ADC_ResetCalibration                     0x08000861   Thumb Code    10  stm32f10x_adc.o(i.ADC_ResetCalibration)
    ADC_StartCalibration                     0x0800086b   Thumb Code    10  stm32f10x_adc.o(i.ADC_StartCalibration)
    BoolKeyModel                             0x08000875   Thumb Code     8  prockeyone.o(i.BoolKeyModel)
    BoolKeyNum                               0x08000881   Thumb Code     6  prockeyone.o(i.BoolKeyNum)
    BoolKeyRenew                             0x0800088d   Thumb Code     6  prockeyone.o(i.BoolKeyRenew)
    BusFault_Handler                         0x08000899   Thumb Code     4  stm32f10x_it.o(i.BusFault_Handler)
    ChangeTempDataPacket                     0x0800089d   Thumb Code   482  temp.o(i.ChangeTempDataPacket)
    Clr1SecFlag                              0x08000a99   Thumb Code     8  timer.o(i.Clr1SecFlag)
    Clr2msFlag                               0x08000aa5   Thumb Code     8  timer.o(i.Clr2msFlag)
    Clr60msAfter20msFlag                     0x08000ab1   Thumb Code     8  timer.o(i.Clr60msAfter20msFlag)
    Clr60msFlag                              0x08000abd   Thumb Code     8  timer.o(i.Clr60msFlag)
    DMA2_Channel3_IRQHandler                 0x08000f45   Thumb Code    46  dac.o(i.DMA2_Channel3_IRQHandler)
    DMA_ClearITPendingBit                    0x08000f85   Thumb Code    18  stm32f10x_dma.o(i.DMA_ClearITPendingBit)
    DMA_Cmd                                  0x08000fa1   Thumb Code    24  stm32f10x_dma.o(i.DMA_Cmd)
    DMA_DeInit                               0x08000fb9   Thumb Code   324  stm32f10x_dma.o(i.DMA_DeInit)
    DMA_GetITStatus                          0x08001105   Thumb Code    36  stm32f10x_dma.o(i.DMA_GetITStatus)
    DMA_ITConfig                             0x08001131   Thumb Code    18  stm32f10x_dma.o(i.DMA_ITConfig)
    DMA_Init                                 0x08001143   Thumb Code    60  stm32f10x_dma.o(i.DMA_Init)
    DeQueue                                  0x0800117f   Thumb Code    68  queue.o(i.DeQueue)
    DebugMon_Handler                         0x080011c3   Thumb Code     2  stm32f10x_it.o(i.DebugMon_Handler)
    EnQueue                                  0x080011c5   Thumb Code    72  queue.o(i.EnQueue)
    FLASH_PrefetchBufferCmd                  0x0800122d   Thumb Code    22  stm32f10x_flash.o(i.FLASH_PrefetchBufferCmd)
    FLASH_SetLatency                         0x08001249   Thumb Code    18  stm32f10x_flash.o(i.FLASH_SetLatency)
    GPIO_Init                                0x08001261   Thumb Code   278  stm32f10x_gpio.o(i.GPIO_Init)
    GPIO_PinRemapConfig                      0x08001379   Thumb Code   138  stm32f10x_gpio.o(i.GPIO_PinRemapConfig)
    GPIO_ReadInputDataBit                    0x08001409   Thumb Code    18  stm32f10x_gpio.o(i.GPIO_ReadInputDataBit)
    GPIO_ReadOutputDataBit                   0x0800141b   Thumb Code    18  stm32f10x_gpio.o(i.GPIO_ReadOutputDataBit)
    GPIO_ResetBits                           0x0800142d   Thumb Code     4  stm32f10x_gpio.o(i.GPIO_ResetBits)
    GPIO_WriteBit                            0x08001431   Thumb Code    10  stm32f10x_gpio.o(i.GPIO_WriteBit)
    Get1SecFlag                              0x0800143d   Thumb Code     6  timer.o(i.Get1SecFlag)
    Get2msFlag                               0x08001449   Thumb Code     6  timer.o(i.Get2msFlag)
    Get60msAfter20msFlag                     0x08001455   Thumb Code     6  timer.o(i.Get60msAfter20msFlag)
    Get60msFlag                              0x08001461   Thumb Code     6  timer.o(i.Get60msFlag)
    GetADC1Data                              0x0800146d   Thumb Code    66  adc.o(i.GetADC1Data)
    GetArrNum                                0x080014c1   Thumb Code     6  main.o(i.GetArrNum)
    HardFault_Handler                        0x080014cd   Thumb Code     4  stm32f10x_it.o(i.HardFault_Handler)
    InitADC                                  0x080014d1   Thumb Code    24  adc.o(i.InitADC)
    InitKeyOne                               0x0800151d   Thumb Code    18  keyone.o(i.InitKeyOne)
    InitLED                                  0x08001535   Thumb Code     8  led.o(i.InitLED)
    InitNVIC                                 0x0800153d   Thumb Code     8  nvic.o(i.InitNVIC)
    InitPackUnpack                           0x08001545   Thumb Code    50  packunpack.o(i.InitPackUnpack)
    InitProcHostCmd                          0x08001589   Thumb Code     2  prochostcmd.o(i.InitProcHostCmd)
    InitProcKeyOne                           0x0800158d   Thumb Code    18  prockeyone.o(i.InitProcKeyOne)
    InitQueue                                0x080015ad   Thumb Code    36  queue.o(i.InitQueue)
    InitRCC                                  0x080015d1   Thumb Code     8  rcc.o(i.InitRCC)
    InitSendDataToHost                       0x080015d9   Thumb Code     2  senddatatohost.o(i.InitSendDataToHost)
    InitSysTick                              0x080015f1   Thumb Code    92  systick.o(i.InitSysTick)
    InitTemp                                 0x08001659   Thumb Code   206  temp.o(i.InitTemp)
    InitTimer                                0x08001735   Thumb Code    24  timer.o(i.InitTimer)
    InitUART1                                0x0800174d   Thumb Code    16  uart1.o(i.InitUART1)
    InitValue                                0x0800179d   Thumb Code    70  main.o(i.InitValue)
    InitVariable                             0x0800180d   Thumb Code    40  main.o(i.InitVariable)
    LEDFlicker                               0x08001851   Thumb Code   110  led.o(i.LEDFlicker)
    MemManage_Handler                        0x080018c5   Thumb Code     4  stm32f10x_it.o(i.MemManage_Handler)
    NMI_Handler                              0x080018c9   Thumb Code     2  stm32f10x_it.o(i.NMI_Handler)
    NVIC_Init                                0x080018e5   Thumb Code   100  misc.o(i.NVIC_Init)
    NVIC_PriorityGroupConfig                 0x08001955   Thumb Code    10  misc.o(i.NVIC_PriorityGroupConfig)
    PackData                                 0x08001969   Thumb Code    24  packunpack.o(i.PackData)
    PendSV_Handler                           0x080019bf   Thumb Code     2  stm32f10x_it.o(i.PendSV_Handler)
    ProcKeyDownKey1                          0x08001d0d   Thumb Code   108  prockeyone.o(i.ProcKeyDownKey1)
    ProcKeyDownKey2                          0x08001d8d   Thumb Code     2  prockeyone.o(i.ProcKeyDownKey2)
    ProcKeyDownKey3                          0x08001d8f   Thumb Code     2  prockeyone.o(i.ProcKeyDownKey3)
    ProcKeyUpKey1                            0x08001d91   Thumb Code     2  prockeyone.o(i.ProcKeyUpKey1)
    ProcKeyUpKey2                            0x08001d93   Thumb Code     2  prockeyone.o(i.ProcKeyUpKey2)
    ProcKeyUpKey3                            0x08001d95   Thumb Code     2  prockeyone.o(i.ProcKeyUpKey3)
    QueueEmpty                               0x08001d97   Thumb Code    14  queue.o(i.QueueEmpty)
    RCC_ADCCLKConfig                         0x08001da5   Thumb Code    18  stm32f10x_rcc.o(i.RCC_ADCCLKConfig)
    RCC_AHBPeriphClockCmd                    0x08001dbd   Thumb Code    26  stm32f10x_rcc.o(i.RCC_AHBPeriphClockCmd)
    RCC_APB1PeriphClockCmd                   0x08001ddd   Thumb Code    26  stm32f10x_rcc.o(i.RCC_APB1PeriphClockCmd)
    RCC_APB2PeriphClockCmd                   0x08001dfd   Thumb Code    26  stm32f10x_rcc.o(i.RCC_APB2PeriphClockCmd)
    RCC_DeInit                               0x08001e1d   Thumb Code    64  stm32f10x_rcc.o(i.RCC_DeInit)
    RCC_GetClocksFreq                        0x08001e69   Thumb Code   192  stm32f10x_rcc.o(i.RCC_GetClocksFreq)
    RCC_GetFlagStatus                        0x08001f3d   Thumb Code    56  stm32f10x_rcc.o(i.RCC_GetFlagStatus)
    RCC_GetSYSCLKSource                      0x08001f79   Thumb Code    10  stm32f10x_rcc.o(i.RCC_GetSYSCLKSource)
    RCC_HCLKConfig                           0x08001f89   Thumb Code    18  stm32f10x_rcc.o(i.RCC_HCLKConfig)
    RCC_HSEConfig                            0x08001fa1   Thumb Code    70  stm32f10x_rcc.o(i.RCC_HSEConfig)
    RCC_PCLK1Config                          0x08001fed   Thumb Code    18  stm32f10x_rcc.o(i.RCC_PCLK1Config)
    RCC_PCLK2Config                          0x08002005   Thumb Code    20  stm32f10x_rcc.o(i.RCC_PCLK2Config)
    RCC_PLLCmd                               0x0800201d   Thumb Code     6  stm32f10x_rcc.o(i.RCC_PLLCmd)
    RCC_PLLConfig                            0x08002029   Thumb Code    24  stm32f10x_rcc.o(i.RCC_PLLConfig)
    RCC_SYSCLKConfig                         0x08002045   Thumb Code    18  stm32f10x_rcc.o(i.RCC_SYSCLKConfig)
    RCC_WaitForHSEStartUp                    0x0800205d   Thumb Code    56  stm32f10x_rcc.o(i.RCC_WaitForHSEStartUp)
    ReckonToC1AndC2                          0x080020b1   Thumb Code   180  temp.o(i.ReckonToC1AndC2)
    RextReckon                               0x08002175   Thumb Code    62  temp.o(i.RextReckon)
    RextTurnToTemp                           0x080021b5   Thumb Code   296  temprext.o(i.RextTurnToTemp)
    SVC_Handler                              0x080022e5   Thumb Code     2  stm32f10x_it.o(i.SVC_Handler)
    ScanKeyOne                               0x080022e9   Thumb Code   162  keyone.o(i.ScanKeyOne)
    SendTempToHost                           0x080023dd   Thumb Code    60  senddatatohost.o(i.SendTempToHost)
    SysTick_Handler                          0x08002501   Thumb Code     8  systick.o(i.SysTick_Handler)
    SystemInit                               0x08002509   Thumb Code    78  system_stm32f10x.o(i.SystemInit)
    TIM2_IRQHandler                          0x08002569   Thumb Code    52  timer.o(i.TIM2_IRQHandler)
    TIM3_IRQHandler                          0x080025a5   Thumb Code    22  adc.o(i.TIM3_IRQHandler)
    TIM5_IRQHandler                          0x080025c1   Thumb Code   138  timer.o(i.TIM5_IRQHandler)
    TIM_ClearITPendingBit                    0x08002669   Thumb Code     6  stm32f10x_tim.o(i.TIM_ClearITPendingBit)
    TIM_Cmd                                  0x0800266f   Thumb Code    24  stm32f10x_tim.o(i.TIM_Cmd)
    TIM_GetITStatus                          0x08002687   Thumb Code    34  stm32f10x_tim.o(i.TIM_GetITStatus)
    TIM_ITConfig                             0x080026a9   Thumb Code    18  stm32f10x_tim.o(i.TIM_ITConfig)
    TIM_SelectOutputTrigger                  0x080026bb   Thumb Code    18  stm32f10x_tim.o(i.TIM_SelectOutputTrigger)
    TIM_TimeBaseInit                         0x080026cd   Thumb Code   122  stm32f10x_tim.o(i.TIM_TimeBaseInit)
    TempWriteBit                             0x08002771   Thumb Code   190  temp.o(i.TempWriteBit)
    USART1_IRQHandler                        0x08002851   Thumb Code   140  uart1.o(i.USART1_IRQHandler)
    USART_ClearFlag                          0x080028e9   Thumb Code    18  stm32f10x_usart.o(i.USART_ClearFlag)
    USART_ClearITPendingBit                  0x080028fb   Thumb Code    30  stm32f10x_usart.o(i.USART_ClearITPendingBit)
    USART_Cmd                                0x08002919   Thumb Code    24  stm32f10x_usart.o(i.USART_Cmd)
    USART_GetFlagStatus                      0x08002931   Thumb Code    26  stm32f10x_usart.o(i.USART_GetFlagStatus)
    USART_GetITStatus                        0x0800294b   Thumb Code    84  stm32f10x_usart.o(i.USART_GetITStatus)
    USART_ITConfig                           0x0800299f   Thumb Code    74  stm32f10x_usart.o(i.USART_ITConfig)
    USART_Init                               0x080029e9   Thumb Code   210  stm32f10x_usart.o(i.USART_Init)
    USART_ReceiveData                        0x08002ac1   Thumb Code    10  stm32f10x_usart.o(i.USART_ReceiveData)
    USART_SendData                           0x08002acb   Thumb Code     8  stm32f10x_usart.o(i.USART_SendData)
    USART_StructInit                         0x08002ad3   Thumb Code    24  stm32f10x_usart.o(i.USART_StructInit)
    UsageFault_Handler                       0x08002aeb   Thumb Code     4  stm32f10x_it.o(i.UsageFault_Handler)
    WriteUART1                               0x08002b09   Thumb Code    38  uart1.o(i.WriteUART1)
    __0printf$bare                           0x08002b39   Thumb Code     8  printfb.o(i.__0printf$bare)
    __1printf$bare                           0x08002b39   Thumb Code     0  printfb.o(i.__0printf$bare)
    __2printf                                0x08002b39   Thumb Code     0  printfb.o(i.__0printf$bare)
    __scatterload_copy                       0x08002b49   Thumb Code    14  handlers.o(i.__scatterload_copy)
    __scatterload_null                       0x08002b57   Thumb Code     2  handlers.o(i.__scatterload_null)
    __scatterload_zeroinit                   0x08002b59   Thumb Code    14  handlers.o(i.__scatterload_zeroinit)
    fputc                                    0x08002b89   Thumb Code    16  uart1.o(i.fputc)
    main                                     0x08002b99   Thumb Code    34  main.o(i.main)
    Region$$Table$$Base                      0x08002be0   Number         0  anon$$obj.o(Region$$Table)
    Region$$Table$$Limit                     0x08002c00   Number         0  anon$$obj.o(Region$$Table)
    keyNumber                                0x20000031   Data           1  main.o(.data)
    keyChange                                0x20000032   Data           1  main.o(.data)
    s_i20msBegin                             0x20000033   Data           1  main.o(.data)
    s_arrTempData                            0x20000034   Data           6  main.o(.data)
    SystemCoreClock                          0x20001038   Data           4  system_stm32f10x.o(.data)
    AHBPrescTable                            0x2000103c   Data          16  system_stm32f10x.o(.data)
    __stdout                                 0x2000104c   Data           4  stdout.o(.data)
    arrTempVariate                           0x20001050   Data          80  main.o(.bss)
    __initial_sp                             0x20001590   Data           0  startup_stm32f10x_hd.o(STACK)



==============================================================================

Memory Map of the image

  Image Entry point : 0x08000131

  Load Region LR_IROM1 (Base: 0x08000000, Size: 0x00003c50, Max: 0x00040000, ABSOLUTE, COMPRESSED[0x00003304])

    Execution Region ER_IROM1 (Exec base: 0x08000000, Load base: 0x08000000, Size: 0x00002c00, Max: 0x00040000, ABSOLUTE)

    Exec Addr    Load Addr    Size         Type   Attr      Idx    E Section Name        Object

    0x08000000   0x08000000   0x00000130   Data   RO         2656    RESET               startup_stm32f10x_hd.o
    0x08000130   0x08000130   0x00000000   Code   RO         2661  * .ARM.Collect$$$$00000000  mc_w.l(entry.o)
    0x08000130   0x08000130   0x00000004   Code   RO         2940    .ARM.Collect$$$$00000001  mc_w.l(entry2.o)
    0x08000134   0x08000134   0x00000004   Code   RO         2943    .ARM.Collect$$$$00000004  mc_w.l(entry5.o)
    0x08000138   0x08000138   0x00000000   Code   RO         2945    .ARM.Collect$$$$00000008  mc_w.l(entry7b.o)
    0x08000138   0x08000138   0x00000000   Code   RO         2947    .ARM.Collect$$$$0000000A  mc_w.l(entry8b.o)
    0x08000138   0x08000138   0x00000008   Code   RO         2948    .ARM.Collect$$$$0000000B  mc_w.l(entry9a.o)
    0x08000140   0x08000140   0x00000004   Code   RO         2955    .ARM.Collect$$$$0000000E  mc_w.l(entry12b.o)
    0x08000144   0x08000144   0x00000000   Code   RO         2950    .ARM.Collect$$$$0000000F  mc_w.l(entry10a.o)
    0x08000144   0x08000144   0x00000000   Code   RO         2952    .ARM.Collect$$$$00000011  mc_w.l(entry11a.o)
    0x08000144   0x08000144   0x00000004   Code   RO         2941    .ARM.Collect$$$$00002712  mc_w.l(entry2.o)
    0x08000148   0x08000148   0x00000024   Code   RO         2657    .text               startup_stm32f10x_hd.o
    0x0800016c   0x0800016c   0x0000014e   Code   RO         2924    .text               mf_w.l(dadd.o)
    0x080002ba   0x080002ba   0x000000e4   Code   RO         2926    .text               mf_w.l(dmul.o)
    0x0800039e   0x0800039e   0x000000de   Code   RO         2928    .text               mf_w.l(ddiv.o)
    0x0800047c   0x0800047c   0x00000022   Code   RO         2930    .text               mf_w.l(dflti.o)
    0x0800049e   0x0800049e   0x0000001a   Code   RO         2932    .text               mf_w.l(dfltui.o)
    0x080004b8   0x080004b8   0x0000003e   Code   RO         2934    .text               mf_w.l(dfixi.o)
    0x080004f6   0x080004f6   0x00000002   PAD
    0x080004f8   0x080004f8   0x00000030   Code   RO         2936    .text               mf_w.l(cdcmple.o)
    0x08000528   0x08000528   0x00000030   Code   RO         2938    .text               mf_w.l(cdrcmple.o)
    0x08000558   0x08000558   0x0000001e   Code   RO         2961    .text               mc_w.l(llshl.o)
    0x08000576   0x08000576   0x00000020   Code   RO         2963    .text               mc_w.l(llushr.o)
    0x08000596   0x08000596   0x00000024   Code   RO         2965    .text               mc_w.l(llsshr.o)
    0x080005ba   0x080005ba   0x00000000   Code   RO         2967    .text               mc_w.l(iusefp.o)
    0x080005ba   0x080005ba   0x000000ba   Code   RO         2968    .text               mf_w.l(depilogue.o)
    0x08000674   0x08000674   0x00000024   Code   RO         2972    .text               mc_w.l(init.o)
    0x08000698   0x08000698   0x00000056   Code   RO         2982    .text               mc_w.l(__dczerorl2.o)
    0x080006ee   0x080006ee   0x00000016   Code   RO         2128    i.ADC_Cmd           stm32f10x_adc.o
    0x08000704   0x08000704   0x00000016   Code   RO         2129    i.ADC_DMACmd        stm32f10x_adc.o
    0x0800071a   0x0800071a   0x00000016   Code   RO         2133    i.ADC_ExternalTrigConvCmd  stm32f10x_adc.o
    0x08000730   0x08000730   0x00000014   Code   RO         2136    i.ADC_GetCalibrationStatus  stm32f10x_adc.o
    0x08000744   0x08000744   0x00000014   Code   RO         2142    i.ADC_GetResetCalibrationStatus  stm32f10x_adc.o
    0x08000758   0x08000758   0x00000050   Code   RO         2146    i.ADC_Init          stm32f10x_adc.o
    0x080007a8   0x080007a8   0x000000b8   Code   RO         2150    i.ADC_RegularChannelConfig  stm32f10x_adc.o
    0x08000860   0x08000860   0x0000000a   Code   RO         2151    i.ADC_ResetCalibration  stm32f10x_adc.o
    0x0800086a   0x0800086a   0x0000000a   Code   RO         2155    i.ADC_StartCalibration  stm32f10x_adc.o
    0x08000874   0x08000874   0x0000000c   Code   RO          336    i.BoolKeyModel      prockeyone.o
    0x08000880   0x08000880   0x0000000c   Code   RO          337    i.BoolKeyNum        prockeyone.o
    0x0800088c   0x0800088c   0x0000000c   Code   RO          338    i.BoolKeyRenew      prockeyone.o
    0x08000898   0x08000898   0x00000004   Code   RO         2563    i.BusFault_Handler  stm32f10x_it.o
    0x0800089c   0x0800089c   0x000001fc   Code   RO          424    i.ChangeTempDataPacket  temp.o
    0x08000a98   0x08000a98   0x0000000c   Code   RO          492    i.Clr1SecFlag       timer.o
    0x08000aa4   0x08000aa4   0x0000000c   Code   RO          493    i.Clr2msFlag        timer.o
    0x08000ab0   0x08000ab0   0x0000000c   Code   RO          494    i.Clr60msAfter20msFlag  timer.o
    0x08000abc   0x08000abc   0x0000000c   Code   RO          495    i.Clr60msFlag       timer.o
    0x08000ac8   0x08000ac8   0x000000ac   Code   RO          741    i.ConfigADC1        adc.o
    0x08000b74   0x08000b74   0x00000060   Code   RO          742    i.ConfigDMA1Ch1     adc.o
    0x08000bd4   0x08000bd4   0x00000080   Code   RO          701    i.ConfigDMA2Ch3ForDAC1  dac.o
    0x08000c54   0x08000c54   0x0000005c   Code   RO          311    i.ConfigKeyOneGPIO  keyone.o
    0x08000cb0   0x08000cb0   0x0000005c   Code   RO          178    i.ConfigLEDGPIO     led.o
    0x08000d0c   0x08000d0c   0x0000000c   Code   RO         2494    i.ConfigNVIC        nvic.o
    0x08000d18   0x08000d18   0x00000064   Code   RO          475    i.ConfigRCC         rcc.o
    0x08000d7c   0x08000d7c   0x0000005c   Code   RO          496    i.ConfigTimer2      timer.o
    0x08000dd8   0x08000dd8   0x00000048   Code   RO          743    i.ConfigTimer3      adc.o
    0x08000e20   0x08000e20   0x00000060   Code   RO          497    i.ConfigTimer5      timer.o
    0x08000e80   0x08000e80   0x000000c4   Code   RO          622    i.ConfigUART        uart1.o
    0x08000f44   0x08000f44   0x00000040   Code   RO          703    i.DMA2_Channel3_IRQHandler  dac.o
    0x08000f84   0x08000f84   0x0000001c   Code   RO         2423    i.DMA_ClearITPendingBit  stm32f10x_dma.o
    0x08000fa0   0x08000fa0   0x00000018   Code   RO         2424    i.DMA_Cmd           stm32f10x_dma.o
    0x08000fb8   0x08000fb8   0x0000014c   Code   RO         2425    i.DMA_DeInit        stm32f10x_dma.o
    0x08001104   0x08001104   0x0000002c   Code   RO         2428    i.DMA_GetITStatus   stm32f10x_dma.o
    0x08001130   0x08001130   0x00000012   Code   RO         2429    i.DMA_ITConfig      stm32f10x_dma.o
    0x08001142   0x08001142   0x0000003c   Code   RO         2430    i.DMA_Init          stm32f10x_dma.o
    0x0800117e   0x0800117e   0x00000044   Code   RO          578    i.DeQueue           queue.o
    0x080011c2   0x080011c2   0x00000002   Code   RO         2564    i.DebugMon_Handler  stm32f10x_it.o
    0x080011c4   0x080011c4   0x00000048   Code   RO          579    i.EnQueue           queue.o
    0x0800120c   0x0800120c   0x00000020   Code   RO          623    i.EnableUARTTx      uart1.o
    0x0800122c   0x0800122c   0x0000001c   Code   RO          923    i.FLASH_PrefetchBufferCmd  stm32f10x_flash.o
    0x08001248   0x08001248   0x00000018   Code   RO          928    i.FLASH_SetLatency  stm32f10x_flash.o
    0x08001260   0x08001260   0x00000116   Code   RO         1086    i.GPIO_Init         stm32f10x_gpio.o
    0x08001376   0x08001376   0x00000002   PAD
    0x08001378   0x08001378   0x00000090   Code   RO         1088    i.GPIO_PinRemapConfig  stm32f10x_gpio.o
    0x08001408   0x08001408   0x00000012   Code   RO         1090    i.GPIO_ReadInputDataBit  stm32f10x_gpio.o
    0x0800141a   0x0800141a   0x00000012   Code   RO         1092    i.GPIO_ReadOutputDataBit  stm32f10x_gpio.o
    0x0800142c   0x0800142c   0x00000004   Code   RO         1093    i.GPIO_ResetBits    stm32f10x_gpio.o
    0x08001430   0x08001430   0x0000000a   Code   RO         1097    i.GPIO_WriteBit     stm32f10x_gpio.o
    0x0800143a   0x0800143a   0x00000002   PAD
    0x0800143c   0x0800143c   0x0000000c   Code   RO          498    i.Get1SecFlag       timer.o
    0x08001448   0x08001448   0x0000000c   Code   RO          499    i.Get2msFlag        timer.o
    0x08001454   0x08001454   0x0000000c   Code   RO          500    i.Get60msAfter20msFlag  timer.o
    0x08001460   0x08001460   0x0000000c   Code   RO          501    i.Get60msFlag       timer.o
    0x0800146c   0x0800146c   0x00000054   Code   RO          744    i.GetADC1Data       adc.o
    0x080014c0   0x080014c0   0x0000000c   Code   RO            1    i.GetArrNum         main.o
    0x080014cc   0x080014cc   0x00000004   Code   RO         2565    i.HardFault_Handler  stm32f10x_it.o
    0x080014d0   0x080014d0   0x00000018   Code   RO          745    i.InitADC           adc.o
    0x080014e8   0x080014e8   0x00000034   Code   RO            2    i.InitHardware      main.o
    0x0800151c   0x0800151c   0x00000018   Code   RO          312    i.InitKeyOne        keyone.o
    0x08001534   0x08001534   0x00000008   Code   RO          179    i.InitLED           led.o
    0x0800153c   0x0800153c   0x00000008   Code   RO         2495    i.InitNVIC          nvic.o
    0x08001544   0x08001544   0x00000044   Code   RO          202    i.InitPackUnpack    packunpack.o
    0x08001588   0x08001588   0x00000002   Code   RO          247    i.InitProcHostCmd   prochostcmd.o
    0x0800158a   0x0800158a   0x00000002   PAD
    0x0800158c   0x0800158c   0x00000020   Code   RO          339    i.InitProcKeyOne    prockeyone.o
    0x080015ac   0x080015ac   0x00000024   Code   RO          580    i.InitQueue         queue.o
    0x080015d0   0x080015d0   0x00000008   Code   RO          476    i.InitRCC           rcc.o
    0x080015d8   0x080015d8   0x00000002   Code   RO          276    i.InitSendDataToHost  senddatatohost.o
    0x080015da   0x080015da   0x00000014   Code   RO            3    i.InitSoftware      main.o
    0x080015ee   0x080015ee   0x00000002   PAD
    0x080015f0   0x080015f0   0x00000068   Code   RO         2513    i.InitSysTick       systick.o
    0x08001658   0x08001658   0x000000dc   Code   RO          425    i.InitTemp          temp.o
    0x08001734   0x08001734   0x00000018   Code   RO          502    i.InitTimer         timer.o
    0x0800174c   0x0800174c   0x00000010   Code   RO          624    i.InitUART1         uart1.o
    0x0800175c   0x0800175c   0x00000040   Code   RO          625    i.InitUARTBuf       uart1.o
    0x0800179c   0x0800179c   0x00000070   Code   RO            4    i.InitValue         main.o
    0x0800180c   0x0800180c   0x00000044   Code   RO            5    i.InitVariable      main.o
    0x08001850   0x08001850   0x00000074   Code   RO          180    i.LEDFlicker        led.o
    0x080018c4   0x080018c4   0x00000004   Code   RO         2566    i.MemManage_Handler  stm32f10x_it.o
    0x080018c8   0x080018c8   0x00000002   Code   RO         2567    i.NMI_Handler       stm32f10x_it.o
    0x080018ca   0x080018ca   0x00000002   PAD
    0x080018cc   0x080018cc   0x00000018   Code   RO          626    i.NVIC_ClearPendingIRQ  uart1.o
    0x080018e4   0x080018e4   0x00000070   Code   RO          870    i.NVIC_Init         misc.o
    0x08001954   0x08001954   0x00000014   Code   RO          871    i.NVIC_PriorityGroupConfig  misc.o
    0x08001968   0x08001968   0x00000018   Code   RO          203    i.PackData          packunpack.o
    0x08001980   0x08001980   0x0000003e   Code   RO          204    i.PackWithCheckSum  packunpack.o
    0x080019be   0x080019be   0x00000002   Code   RO         2568    i.PendSV_Handler    stm32f10x_it.o
    0x080019c0   0x080019c0   0x000000cc   Code   RO            6    i.Proc1SecTask      main.o
    0x08001a8c   0x08001a8c   0x00000064   Code   RO            7    i.Proc2msTask       main.o
    0x08001af0   0x08001af0   0x000001b8   Code   RO            8    i.Proc60msAfter20msTask  main.o
    0x08001ca8   0x08001ca8   0x00000064   Code   RO            9    i.Proc60msTask      main.o
    0x08001d0c   0x08001d0c   0x00000080   Code   RO          340    i.ProcKeyDownKey1   prockeyone.o
    0x08001d8c   0x08001d8c   0x00000002   Code   RO          341    i.ProcKeyDownKey2   prockeyone.o
    0x08001d8e   0x08001d8e   0x00000002   Code   RO          342    i.ProcKeyDownKey3   prockeyone.o
    0x08001d90   0x08001d90   0x00000002   Code   RO          343    i.ProcKeyUpKey1     prockeyone.o
    0x08001d92   0x08001d92   0x00000002   Code   RO          344    i.ProcKeyUpKey2     prockeyone.o
    0x08001d94   0x08001d94   0x00000002   Code   RO          345    i.ProcKeyUpKey3     prockeyone.o
    0x08001d96   0x08001d96   0x0000000e   Code   RO          581    i.QueueEmpty        queue.o
    0x08001da4   0x08001da4   0x00000018   Code   RO         1194    i.RCC_ADCCLKConfig  stm32f10x_rcc.o
    0x08001dbc   0x08001dbc   0x00000020   Code   RO         1195    i.RCC_AHBPeriphClockCmd  stm32f10x_rcc.o
    0x08001ddc   0x08001ddc   0x00000020   Code   RO         1196    i.RCC_APB1PeriphClockCmd  stm32f10x_rcc.o
    0x08001dfc   0x08001dfc   0x00000020   Code   RO         1198    i.RCC_APB2PeriphClockCmd  stm32f10x_rcc.o
    0x08001e1c   0x08001e1c   0x0000004c   Code   RO         1205    i.RCC_DeInit        stm32f10x_rcc.o
    0x08001e68   0x08001e68   0x000000d4   Code   RO         1206    i.RCC_GetClocksFreq  stm32f10x_rcc.o
    0x08001f3c   0x08001f3c   0x0000003c   Code   RO         1207    i.RCC_GetFlagStatus  stm32f10x_rcc.o
    0x08001f78   0x08001f78   0x00000010   Code   RO         1209    i.RCC_GetSYSCLKSource  stm32f10x_rcc.o
    0x08001f88   0x08001f88   0x00000018   Code   RO         1210    i.RCC_HCLKConfig    stm32f10x_rcc.o
    0x08001fa0   0x08001fa0   0x0000004c   Code   RO         1211    i.RCC_HSEConfig     stm32f10x_rcc.o
    0x08001fec   0x08001fec   0x00000018   Code   RO         1217    i.RCC_PCLK1Config   stm32f10x_rcc.o
    0x08002004   0x08002004   0x00000018   Code   RO         1218    i.RCC_PCLK2Config   stm32f10x_rcc.o
    0x0800201c   0x0800201c   0x0000000c   Code   RO         1219    i.RCC_PLLCmd        stm32f10x_rcc.o
    0x08002028   0x08002028   0x0000001c   Code   RO         1220    i.RCC_PLLConfig     stm32f10x_rcc.o
    0x08002044   0x08002044   0x00000018   Code   RO         1223    i.RCC_SYSCLKConfig  stm32f10x_rcc.o
    0x0800205c   0x0800205c   0x00000038   Code   RO         1225    i.RCC_WaitForHSEStartUp  stm32f10x_rcc.o
    0x08002094   0x08002094   0x0000001c   Code   RO          627    i.ReadSendBuf       uart1.o
    0x080020b0   0x080020b0   0x000000c4   Code   RO          426    i.ReckonToC1AndC2   temp.o
    0x08002174   0x08002174   0x0000003e   Code   RO          427    i.RextReckon        temp.o
    0x080021b2   0x080021b2   0x00000002   PAD
    0x080021b4   0x080021b4   0x00000130   Code   RO          461    i.RextTurnToTemp    temprext.o
    0x080022e4   0x080022e4   0x00000002   Code   RO         2569    i.SVC_Handler       stm32f10x_it.o
    0x080022e6   0x080022e6   0x00000002   PAD
    0x080022e8   0x080022e8   0x000000b8   Code   RO          313    i.ScanKeyOne        keyone.o
    0x080023a0   0x080023a0   0x00000020   Code   RO          629    i.SendCharUsedByFputc  uart1.o
    0x080023c0   0x080023c0   0x0000001c   Code   RO          278    i.SendPackToHost    senddatatohost.o
    0x080023dc   0x080023dc   0x0000003c   Code   RO          279    i.SendTempToHost    senddatatohost.o
    0x08002418   0x08002418   0x00000008   Code   RO         2620    i.SetSysClock       system_stm32f10x.o
    0x08002420   0x08002420   0x000000e0   Code   RO         2621    i.SetSysClockTo72   system_stm32f10x.o
    0x08002500   0x08002500   0x00000008   Code   RO         2514    i.SysTick_Handler   systick.o
    0x08002508   0x08002508   0x00000060   Code   RO         2623    i.SystemInit        system_stm32f10x.o
    0x08002568   0x08002568   0x0000003c   Code   RO          503    i.TIM2_IRQHandler   timer.o
    0x080025a4   0x080025a4   0x0000001c   Code   RO          747    i.TIM3_IRQHandler   adc.o
    0x080025c0   0x080025c0   0x000000a8   Code   RO          504    i.TIM5_IRQHandler   timer.o
    0x08002668   0x08002668   0x00000006   Code   RO         1405    i.TIM_ClearITPendingBit  stm32f10x_tim.o
    0x0800266e   0x0800266e   0x00000018   Code   RO         1410    i.TIM_Cmd           stm32f10x_tim.o
    0x08002686   0x08002686   0x00000022   Code   RO         1431    i.TIM_GetITStatus   stm32f10x_tim.o
    0x080026a8   0x080026a8   0x00000012   Code   RO         1435    i.TIM_ITConfig      stm32f10x_tim.o
    0x080026ba   0x080026ba   0x00000012   Code   RO         1467    i.TIM_SelectOutputTrigger  stm32f10x_tim.o
    0x080026cc   0x080026cc   0x000000a4   Code   RO         1481    i.TIM_TimeBaseInit  stm32f10x_tim.o
    0x08002770   0x08002770   0x000000c8   Code   RO          428    i.TempWriteBit      temp.o
    0x08002838   0x08002838   0x00000018   Code   RO         2515    i.TimDelayDec       systick.o
    0x08002850   0x08002850   0x00000098   Code   RO          630    i.USART1_IRQHandler  uart1.o
    0x080028e8   0x080028e8   0x00000012   Code   RO         1942    i.USART_ClearFlag   stm32f10x_usart.o
    0x080028fa   0x080028fa   0x0000001e   Code   RO         1943    i.USART_ClearITPendingBit  stm32f10x_usart.o
    0x08002918   0x08002918   0x00000018   Code   RO         1946    i.USART_Cmd         stm32f10x_usart.o
    0x08002930   0x08002930   0x0000001a   Code   RO         1949    i.USART_GetFlagStatus  stm32f10x_usart.o
    0x0800294a   0x0800294a   0x00000054   Code   RO         1950    i.USART_GetITStatus  stm32f10x_usart.o
    0x0800299e   0x0800299e   0x0000004a   Code   RO         1952    i.USART_ITConfig    stm32f10x_usart.o
    0x080029e8   0x080029e8   0x000000d8   Code   RO         1953    i.USART_Init        stm32f10x_usart.o
    0x08002ac0   0x08002ac0   0x0000000a   Code   RO         1960    i.USART_ReceiveData  stm32f10x_usart.o
    0x08002aca   0x08002aca   0x00000008   Code   RO         1963    i.USART_SendData    stm32f10x_usart.o
    0x08002ad2   0x08002ad2   0x00000018   Code   RO         1969    i.USART_StructInit  stm32f10x_usart.o
    0x08002aea   0x08002aea   0x00000004   Code   RO         2570    i.UsageFault_Handler  stm32f10x_it.o
    0x08002aee   0x08002aee   0x00000002   PAD
    0x08002af0   0x08002af0   0x00000018   Code   RO          631    i.WriteReceiveBuf   uart1.o
    0x08002b08   0x08002b08   0x00000030   Code   RO          632    i.WriteUART1        uart1.o
    0x08002b38   0x08002b38   0x00000010   Code   RO         2665    i.__0printf$bare    mc_w.l(printfb.o)
    0x08002b48   0x08002b48   0x0000000e   Code   RO         2976    i.__scatterload_copy  mc_w.l(handlers.o)
    0x08002b56   0x08002b56   0x00000002   Code   RO         2977    i.__scatterload_null  mc_w.l(handlers.o)
    0x08002b58   0x08002b58   0x0000000e   Code   RO         2978    i.__scatterload_zeroinit  mc_w.l(handlers.o)
    0x08002b66   0x08002b66   0x00000022   Code   RO         2672    i._printf_core      mc_w.l(printfb.o)
    0x08002b88   0x08002b88   0x00000010   Code   RO          633    i.fputc             uart1.o
    0x08002b98   0x08002b98   0x00000048   Code   RO           10    i.main              main.o
    0x08002be0   0x08002be0   0x00000020   Data   RO         2974    Region$$Table       anon$$obj.o


    Execution Region RW_IRAM1 (Exec base: 0x20000000, Load base: 0x08002c00, Size: 0x00001590, Max: 0x0000c000, ABSOLUTE, COMPRESSED[0x00000704])

    Exec Addr    Load Addr    Size         Type   Attr      Idx    E Section Name        Object

    0x20000000   COMPRESSED   0x00000048   Data   RW           12    .data               main.o
    0x20000048   COMPRESSED   0x00000003   Data   RW          208    .data               packunpack.o
    0x2000004b   COMPRESSED   0x00000009   Data   RW          314    .data               keyone.o
    0x20000054   COMPRESSED   0x00000003   Data   RW          346    .data               prockeyone.o
    0x20000057   COMPRESSED   0x00000001   PAD
    0x20000058   COMPRESSED   0x00000fb0   Data   RW          462    .data               temprext.o
    0x20001008   COMPRESSED   0x0000000a   Data   RW          505    .data               timer.o
    0x20001012   COMPRESSED   0x00000001   Data   RW          635    .data               uart1.o
    0x20001013   COMPRESSED   0x00000001   PAD
    0x20001014   COMPRESSED   0x00000008   Data   RW          706    .data               dac.o
    0x2000101c   COMPRESSED   0x00000002   Data   RW          750    .data               adc.o
    0x2000101e   COMPRESSED   0x00000014   Data   RW         1226    .data               stm32f10x_rcc.o
    0x20001032   COMPRESSED   0x00000002   PAD
    0x20001034   COMPRESSED   0x00000004   Data   RW         2516    .data               systick.o
    0x20001038   COMPRESSED   0x00000014   Data   RW         2624    .data               system_stm32f10x.o
    0x2000104c   COMPRESSED   0x00000004   Data   RW         2956    .data               mc_w.l(stdout.o)
    0x20001050        -       0x00000050   Zero   RW           11    .bss                main.o
    0x200010a0        -       0x0000000a   Zero   RW          207    .bss                packunpack.o
    0x200010aa   COMPRESSED   0x00000002   PAD
    0x200010ac        -       0x000000e0   Zero   RW          634    .bss                uart1.o
    0x2000118c   COMPRESSED   0x00000004   PAD
    0x20001190        -       0x00000400   Zero   RW         2654    STACK               startup_stm32f10x_hd.o


==============================================================================

Image component sizes


      Code (inc. data)   RO Data    RW Data    ZI Data      Debug   Object Name

       476         50          0          2          0       4042   adc.o
         0          0          0          0          0         32   core_cm3.o
       192         26          0          8          0       1695   dac.o
       300         36          0          9          0       2894   keyone.o
       216         10          0          0          0       1779   led.o
      1180        238          0         72         80     285170   main.o
       132         22          0          0          0       1775   misc.o
        20          0          0          0          0       1059   nvic.o
       154         18          0          3         10       4552   packunpack.o
         2          0          0          0          0       1018   prochostcmd.o
       206         50          0          3          0     221102   prockeyone.o
       190          0          0          0          0       3761   queue.o
       108          0          0          0          0       1158   rcc.o
        90          0          0          0          0       2470   senddatatohost.o
        36          8        304          0       1024        880   startup_stm32f10x_hd.o
       390         10          0          0          0       8224   stm32f10x_adc.o
       506         26          0          0          0       5723   stm32f10x_dma.o
        52         12          0          0          0       1269   stm32f10x_flash.o
       472          6          0          0          0       5740   stm32f10x_gpio.o
        24          0          0          0          0       4408   stm32f10x_it.o
       752        104          0         20          0      13169   stm32f10x_rcc.o
       264         42          0          0          0       4696   stm32f10x_tim.o
       514          6          0          0          0       8804   stm32f10x_usart.o
       328         28          0         20          0       2773   system_stm32f10x.o
       136         18          0          4          0      17827   systick.o
      1186         66          0          0          0       4136   temp.o
       304          8          0       4016          0       1553   temprext.o
       536         84          0         10          0       8056   timer.o
       632         84          0          1        224      22980   uart1.o

    ----------------------------------------------------------------------
      9414        952        336       4172       1344     642745   Object Totals
         0          0         32          0          0          0   (incl. Generated)
        16          0          0          4          6          0   (incl. Padding)

    ----------------------------------------------------------------------

      Code (inc. data)   RO Data    RW Data    ZI Data      Debug   Library Member Name

        86          0          0          0          0          0   __dczerorl2.o
         0          0          0          0          0          0   entry.o
         0          0          0          0          0          0   entry10a.o
         0          0          0          0          0          0   entry11a.o
         4          0          0          0          0          0   entry12b.o
         8          4          0          0          0          0   entry2.o
         4          0          0          0          0          0   entry5.o
         0          0          0          0          0          0   entry7b.o
         0          0          0          0          0          0   entry8b.o
         8          4          0          0          0          0   entry9a.o
        30          0          0          0          0          0   handlers.o
        36          8          0          0          0         68   init.o
         0          0          0          0          0          0   iusefp.o
        30          0          0          0          0         68   llshl.o
        36          0          0          0          0         68   llsshr.o
        32          0          0          0          0         68   llushr.o
        50          8          0          0          0        152   printfb.o
         0          0          0          4          0          0   stdout.o
        48          0          0          0          0         68   cdcmple.o
        48          0          0          0          0         68   cdrcmple.o
       334          0          0          0          0        148   dadd.o
       222          0          0          0          0        100   ddiv.o
       186          0          0          0          0        176   depilogue.o
        62          0          0          0          0         80   dfixi.o
        34          0          0          0          0         76   dflti.o
        26          0          0          0          0         76   dfltui.o
       228          0          0          0          0         96   dmul.o

    ----------------------------------------------------------------------
      1514         24          0          4          0       1312   Library Totals
         2          0          0          0          0          0   (incl. Padding)

    ----------------------------------------------------------------------

      Code (inc. data)   RO Data    RW Data    ZI Data      Debug   Library Name

       324         24          0          4          0        424   mc_w.l
      1188          0          0          0          0        888   mf_w.l

    ----------------------------------------------------------------------
      1514         24          0          4          0       1312   Library Totals

    ----------------------------------------------------------------------

==============================================================================


      Code (inc. data)   RO Data    RW Data    ZI Data      Debug   

     10928        976        336       4176       1344     636021   Grand Totals
     10928        976        336       1796       1344     636021   ELF Image Totals (compressed)
     10928        976        336       1796          0          0   ROM Totals

==============================================================================

    Total RO  Size (Code + RO Data)                11264 (  11.00kB)
    Total RW  Size (RW Data + ZI Data)              5520 (   5.39kB)
    Total ROM Size (Code + RO Data + RW Data)      13060 (  12.75kB)

==============================================================================

